Component: ARM Compiler 5.06 update 1 (build 61) Tool: armlink [4d35a8]

==============================================================================

Section Cross References

    main.o(i.DHT_task) refers to _printf_percent.o(.ARM.Collect$$_printf_percent$$00000000) for _printf_percent
    main.o(i.DHT_task) refers to _printf_d.o(.ARM.Collect$$_printf_percent$$00000009) for _printf_d
    main.o(i.DHT_task) refers to _printf_s.o(.ARM.Collect$$_printf_percent$$00000014) for _printf_s
    main.o(i.DHT_task) refers to _printf_dec.o(.text) for _printf_int_dec
    main.o(i.DHT_task) refers to _printf_str.o(.text) for _printf_str
    main.o(i.DHT_task) refers to os_mbox.o(i.OSMboxPend) for OSMboxPend
    main.o(i.DHT_task) refers to dht11.o(i.DHT11_Read_Data) for DHT11_Read_Data
    main.o(i.DHT_task) refers to dht11_2.o(i.DHT11_Read_Data_2) for DHT11_Read_Data_2
    main.o(i.DHT_task) refers to noretval__2printf.o(.text) for __2printf
    main.o(i.DHT_task) refers to delay.o(i.delay_ms) for delay_ms
    main.o(i.DHT_task) refers to main.o(.data) for msg_key
    main.o(i.LM393_task) refers to _printf_percent.o(.ARM.Collect$$_printf_percent$$00000000) for _printf_percent
    main.o(i.LM393_task) refers to _printf_d.o(.ARM.Collect$$_printf_percent$$00000009) for _printf_d
    main.o(i.LM393_task) refers to _printf_dec.o(.text) for _printf_int_dec
    main.o(i.LM393_task) refers to stm32f10x_adc.o(i.ADC_GetFlagStatus) for ADC_GetFlagStatus
    main.o(i.LM393_task) refers to stm32f10x_adc.o(i.ADC_GetConversionValue) for ADC_GetConversionValue
    main.o(i.LM393_task) refers to delay.o(i.delay_ms) for delay_ms
    main.o(i.LM393_task) refers to noretval__2sprintf.o(.text) for __2sprintf
    main.o(i.LM393_task) refers to os_mbox.o(i.OSMboxPost) for OSMboxPost
    main.o(i.LM393_task) refers to main.o(.data) for SumLight
    main.o(i.main) refers to misc.o(i.NVIC_PriorityGroupConfig) for NVIC_PriorityGroupConfig
    main.o(i.main) refers to delay.o(i.delay_init) for delay_init
    main.o(i.main) refers to lm393_2.o(i.LM393_2Iint) for LM393_2Iint
    main.o(i.main) refers to lm393.o(i.LM393Iint) for LM393Iint
    main.o(i.main) refers to usart.o(i.USARTx_Init) for USARTx_Init
    main.o(i.main) refers to os_core.o(i.OSInit) for OSInit
    main.o(i.main) refers to os_task.o(i.OSTaskCreate) for OSTaskCreate
    main.o(i.main) refers to os_core.o(i.OSStart) for OSStart
    main.o(i.main) refers to main.o(.bss) for START_TASK_STK
    main.o(i.main) refers to main.o(i.start_task) for start_task
    main.o(i.start_task) refers to os_mbox.o(i.OSMboxCreate) for OSMboxCreate
    main.o(i.start_task) refers to os_cpu_a.o(.text) for OS_CPU_SR_Save
    main.o(i.start_task) refers to os_task.o(i.OSTaskCreate) for OSTaskCreate
    main.o(i.start_task) refers to os_task.o(i.OSTaskSuspend) for OSTaskSuspend
    main.o(i.start_task) refers to main.o(.data) for msg_key
    main.o(i.start_task) refers to main.o(.bss) for DHT_TASK_STK
    main.o(i.start_task) refers to main.o(i.DHT_task) for DHT_task
    main.o(i.start_task) refers to main.o(i.LM393_task) for LM393_task
    system_stm32f10x.o(i.SetSysClock) refers to system_stm32f10x.o(i.SetSysClockTo72) for SetSysClockTo72
    system_stm32f10x.o(i.SystemCoreClockUpdate) refers to system_stm32f10x.o(.data) for SystemCoreClock
    system_stm32f10x.o(i.SystemInit) refers to system_stm32f10x.o(i.SetSysClock) for SetSysClock
    dht11.o(i.DHT11_Check) refers to delay.o(i.delay_us) for delay_us
    dht11.o(i.DHT11_Init) refers to stm32f10x_rcc.o(i.RCC_APB2PeriphClockCmd) for RCC_APB2PeriphClockCmd
    dht11.o(i.DHT11_Init) refers to stm32f10x_gpio.o(i.GPIO_Init) for GPIO_Init
    dht11.o(i.DHT11_Init) refers to stm32f10x_gpio.o(i.GPIO_SetBits) for GPIO_SetBits
    dht11.o(i.DHT11_Init) refers to dht11.o(i.DHT11_Rst) for DHT11_Rst
    dht11.o(i.DHT11_Init) refers to dht11.o(i.DHT11_Check) for DHT11_Check
    dht11.o(i.DHT11_Read_Bit) refers to delay.o(i.delay_us) for delay_us
    dht11.o(i.DHT11_Read_Byte) refers to dht11.o(i.DHT11_Read_Bit) for DHT11_Read_Bit
    dht11.o(i.DHT11_Read_Data) refers to dht11.o(i.DHT11_Rst) for DHT11_Rst
    dht11.o(i.DHT11_Read_Data) refers to dht11.o(i.DHT11_Check) for DHT11_Check
    dht11.o(i.DHT11_Read_Data) refers to dht11.o(i.DHT11_Read_Byte) for DHT11_Read_Byte
    dht11.o(i.DHT11_Rst) refers to delay.o(i.delay_ms) for delay_ms
    dht11.o(i.DHT11_Rst) refers to delay.o(i.delay_us) for delay_us
    dht11_2.o(i.DHT11_Check_2) refers to delay.o(i.delay_us) for delay_us
    dht11_2.o(i.DHT11_Init_2) refers to stm32f10x_rcc.o(i.RCC_APB2PeriphClockCmd) for RCC_APB2PeriphClockCmd
    dht11_2.o(i.DHT11_Init_2) refers to stm32f10x_gpio.o(i.GPIO_Init) for GPIO_Init
    dht11_2.o(i.DHT11_Init_2) refers to stm32f10x_gpio.o(i.GPIO_SetBits) for GPIO_SetBits
    dht11_2.o(i.DHT11_Init_2) refers to dht11_2.o(i.DHT11_Rst_2) for DHT11_Rst_2
    dht11_2.o(i.DHT11_Init_2) refers to dht11_2.o(i.DHT11_Check_2) for DHT11_Check_2
[...]
    ../clib/heapalloc.c                      0x00000000   Number         0  hrguard.o ABSOLUTE
    ../clib/heapaux.c                        0x00000000   Number         0  heapauxi.o ABSOLUTE
    ../clib/libinit.s                        0x00000000   Number         0  libinit2.o ABSOLUTE
    ../clib/libinit.s                        0x00000000   Number         0  libinit.o ABSOLUTE
    ../clib/libinit.s                        0x00000000   Number         0  libshutdown.o ABSOLUTE
    ../clib/libinit.s                        0x00000000   Number         0  libshutdown2.o ABSOLUTE
    ../clib/misc.s                           0x00000000   Number         0  printf_stubs.o ABSOLUTE
    ../clib/printf.c                         0x00000000   Number         0  noretval__2printf.o ABSOLUTE
    ../clib/printf.c                         0x00000000   Number         0  __printf_flags_ss_wp.o ABSOLUTE
    ../clib/printf.c                         0x00000000   Number         0  __printf_nopercent.o ABSOLUTE
    ../clib/printf.c                         0x00000000   Number         0  _printf_char_common.o ABSOLUTE
    ../clib/printf.c                         0x00000000   Number         0  __printf_flags_ss.o ABSOLUTE
    ../clib/printf.c                         0x00000000   Number         0  _printf_char_file.o ABSOLUTE
    ../clib/printf.c                         0x00000000   Number         0  _printf_char.o ABSOLUTE
    ../clib/printf.c                         0x00000000   Number         0  _sputc.o ABSOLUTE
    ../clib/printf.c                         0x00000000   Number         0  _printf_intcommon.o ABSOLUTE
    ../clib/printf.c                         0x00000000   Number         0  __printf_wp.o ABSOLUTE
    ../clib/printf.c                         0x00000000   Number         0  __printf_ss.o ABSOLUTE
    ../clib/printf.c                         0x00000000   Number         0  __printf_flags.o ABSOLUTE
    ../clib/printf.c                         0x00000000   Number         0  _printf_dec.o ABSOLUTE
    ../clib/printf.c                         0x00000000   Number         0  __printf_flags_wp.o ABSOLUTE
    ../clib/printf.c                         0x00000000   Number         0  _printf_str.o ABSOLUTE
    ../clib/printf.c                         0x00000000   Number         0  __printf.o ABSOLUTE
    ../clib/printf.c                         0x00000000   Number         0  noretval__2sprintf.o ABSOLUTE
    ../clib/printf.c                         0x00000000   Number         0  __printf_ss_wp.o ABSOLUTE
    ../clib/printf.c                         0x00000000   Number         0  __2printf.o ABSOLUTE
    ../clib/printf.c                         0x00000000   Number         0  __2sprintf.o ABSOLUTE
    ../clib/printf_percent.s                 0x00000000   Number         0  _printf_percent_end.o ABSOLUTE
    ../clib/printf_percent.s                 0x00000000   Number         0  _printf_s.o ABSOLUTE
    ../clib/printf_percent.s                 0x00000000   Number         0  _printf_d.o ABSOLUTE
    ../clib/printf_percent.s                 0x00000000   Number         0  _printf_percent.o ABSOLUTE
    ../clib/signal.c                         0x00000000   Number         0  defsig_general.o ABSOLUTE
    ../clib/signal.c                         0x00000000   Number         0  defsig_abrt_inner.o ABSOLUTE
    ../clib/signal.c                         0x00000000   Number         0  defsig_exit.o ABSOLUTE
    ../clib/signal.c                         0x00000000   Number         0  defsig_cppl_inner.o ABSOLUTE
    ../clib/signal.c                         0x00000000   Number         0  defsig_rtmem_formal.o ABSOLUTE
    ../clib/signal.c                         0x00000000   Number         0  defsig_other.o ABSOLUTE
    ../clib/signal.c                         0x00000000   Number         0  defsig_rtred_inner.o ABSOLUTE
    ../clib/signal.c                         0x00000000   Number         0  defsig_fpe_inner.o ABSOLUTE
    ../clib/signal.c                         0x00000000   Number         0  defsig_pvfn_inner.o ABSOLUTE
    ../clib/signal.c                         0x00000000   Number         0  defsig_rtmem_outer.o ABSOLUTE
    ../clib/signal.c                         0x00000000   Number         0  defsig_segv_inner.o ABSOLUTE
    ../clib/signal.c                         0x00000000   Number         0  defsig_stak_inner.o ABSOLUTE
    ../clib/signal.c                         0x00000000   Number         0  defsig_rtmem_inner.o ABSOLUTE
    ../clib/signal.c                         0x00000000   Number         0  __raise.o ABSOLUTE
    ../clib/signal.s                         0x00000000   Number         0  defsig.o ABSOLUTE
    ../clib/stdio.c                          0x00000000   Number         0  ferror.o ABSOLUTE
    ../clib/stdio.c                          0x00000000   Number         0  ferror_locked.o ABSOLUTE
    ../clib/stdlib.c                         0x00000000   Number         0  exit.o ABSOLUTE
    ../fplib/fpinit.s                        0x00000000   Number         0  fpinit.o ABSOLUTE
    ..\CORE\core_cm3.c                       0x00000000   Number         0  core_cm3.o ABSOLUTE
    ..\CORE\startup_stm32f10x_hd.s           0x00000000   Number         0  startup_stm32f10x_hd.o ABSOLUTE
    ..\HARDWARE\DHT11\dht11.c                0x00000000   Number         0  dht11.o ABSOLUTE
    ..\HARDWARE\DHT11\dht11_2.c              0x00000000   Number         0  dht11_2.o ABSOLUTE
    ..\STM32F10x_FWLib\src\misc.c            0x00000000   Number         0  misc.o ABSOLUTE
    ..\STM32F10x_FWLib\src\stm32f10x_adc.c   0x00000000   Number         0  stm32f10x_adc.o ABSOLUTE
    ..\STM32F10x_FWLib\src\stm32f10x_dbgmcu.c 0x00000000   Number         0  stm32f10x_dbgmcu.o ABSOLUTE
    ..\STM32F10x_FWLib\src\stm32f10x_gpio.c  0x00000000   Number         0  stm32f10x_gpio.o ABSOLUTE
    ..\STM32F10x_FWLib\src\stm32f10x_i2c.c   0x00000000   Number         0  stm32f10x_i2c.o ABSOLUTE
    ..\STM32F10x_FWLib\src\stm32f10x_rcc.c   0x00000000   Number         0  stm32f10x_rcc.o ABSOLUTE
    ..\STM32F10x_FWLib\src\stm32f10x_usart.c 0x00000000   Number         0  stm32f10x_usart.o ABSOLUTE
    ..\SYSTEM\delay\delay.c                  0x00000000   Number         0  delay.o ABSOLUTE
    ..\SYSTEM\sys\sys.c                      0x00000000   Number         0  sys.o ABSOLUTE
    ..\SYSTEM\usart\usart.c                  0x00000000   Number         0  usart.o ABSOLUTE
    ..\UCOSII\CORE\os_core.c                 0x00000000   Number         0  os_core.o ABSOLUTE
    ..\UCOSII\CORE\os_flag.c                 0x00000000   Number         0  os_flag.o ABSOLUTE
    ..\UCOSII\CORE\os_mbox.c                 0x00000000   Number         0  os_mbox.o ABSOLUTE
    ..\UCOSII\CORE\os_mem.c                  0x00000000   Number         0  os_mem.o ABSOLUTE
    ..\UCOSII\CORE\os_mutex.c                0x00000000   Number         0  os_mutex.o ABSOLUTE
    ..\UCOSII\CORE\os_q.c                    0x00000000   Number         0  os_q.o ABSOLUTE
    ..\UCOSII\CORE\os_sem.c                  0x00000000   Number         0  os_sem.o ABSOLUTE
    ..\UCOSII\CORE\os_task.c                 0x00000000   Number         0  os_task.o ABSOLUTE
    ..\UCOSII\CORE\os_time.c                 0x00000000   Number         0  os_time.o ABSOLUTE
    ..\UCOSII\CORE\os_tmr.c                  0x00000000   Number         0  os_tmr.o ABSOLUTE
    ..\UCOSII\PORT\os_cpu_a.asm              0x00000000   Number         0  os_cpu_a.o ABSOLUTE
    ..\UCOSII\PORT\os_cpu_c.c                0x00000000   Number         0  os_cpu_c.o ABSOLUTE
    ..\\CORE\\core_cm3.c                     0x00000000   Number         0  core_cm3.o ABSOLUTE
    ..\\SYSTEM\\sys\\sys.c                   0x00000000   Number         0  sys.o ABSOLUTE
    dc.s                                     0x00000000   Number         0  dc.o ABSOLUTE
    lm393.c                                  0x00000000   Number         0  lm393.o ABSOLUTE
    lm393_2.c                                0x00000000   Number         0  lm393_2.o ABSOLUTE
    main.c                                   0x00000000   Number         0  main.o ABSOLUTE
    stm32f10x_it.c                           0x00000000   Number         0  stm32f10x_it.o ABSOLUTE
    system_stm32f10x.c                       0x00000000   Number         0  system_stm32f10x.o ABSOLUTE
    RESET                                    0x08000000   Section      304  startup_stm32f10x_hd.o(RESET)
    !!!main                                  0x08000130   Section        8  __main.o(!!!main)
    !!!scatter                               0x08000138   Section       52  __scatter.o(!!!scatter)
    !!handler_copy                           0x0800016c   Section       26  __scatter_copy.o(!!handler_copy)
    !!handler_zi                             0x08000188   Section       28  __scatter_zi.o(!!handler_zi)
    .ARM.Collect$$_printf_percent$$00000000  0x080001a4   Section        0  _printf_percent.o(.ARM.Collect$$_printf_percent$$00000000)
    .ARM.Collect$$_printf_percent$$00000009  0x080001a4   Section        6  _printf_d.o(.ARM.Collect$$_printf_percent$$00000009)
    .ARM.Collect$$_printf_percent$$00000014  0x080001aa   Section        6  _printf_s.o(.ARM.Collect$$_printf_percent$$00000014)
    .ARM.Collect$$_printf_percent$$00000017  0x080001b0   Section        4  _printf_percent_end.o(.ARM.Collect$$_printf_percent$$00000017)
    .ARM.Collect$$libinit$$00000000          0x080001b4   Section        2  libinit.o(.ARM.Collect$$libinit$$00000000)
    .ARM.Collect$$libinit$$00000002          0x080001b6   Section        0  libinit2.o(.ARM.Collect$$libinit$$00000002)
    .ARM.Collect$$libinit$$00000004          0x080001b6   Section        0  libinit2.o(.ARM.Collect$$libinit$$00000004)
    .ARM.Collect$$libinit$$0000000A          0x080001b6   Section        0  libinit2.o(.ARM.Collect$$libinit$$0000000A)
    .ARM.Collect$$libinit$$0000000C          0x080001b6   Section        0  libinit2.o(.ARM.Collect$$libinit$$0000000C)
    .ARM.Collect$$libinit$$0000000E          0x080001b6   Section        0  libinit2.o(.ARM.Collect$$libinit$$0000000E)
    .ARM.Collect$$libinit$$00000011          0x080001b6   Section        0  libinit2.o(.ARM.Collect$$libinit$$00000011)
    .ARM.Collect$$libinit$$00000013          0x080001b6   Section        0  libinit2.o(.ARM.Collect$$libinit$$00000013)
    .ARM.Collect$$libinit$$00000015          0x080001b6   Section        0  libinit2.o(.ARM.Collect$$libinit$$00000015)
    .ARM.Collect$$libinit$$00000017          0x080001b6   Section        0  libinit2.o(.ARM.Collect$$libinit$$00000017)
    .ARM.Collect$$libinit$$00000019          0x080001b6   Section        0  libinit2.o(.ARM.Collect$$libinit$$00000019)
    .ARM.Collect$$libinit$$0000001B          0x080001b6   Section        0  libinit2.o(.ARM.Collect$$libinit$$0000001B)
    .ARM.Collect$$libinit$$0000001D          0x080001b6   Section        0  libinit2.o(.ARM.Collect$$libinit$$0000001D)
    .ARM.Collect$$libinit$$0000001F          0x080001b6   Section        0  libinit2.o(.ARM.Collect$$libinit$$0000001F)
    .ARM.Collect$$libinit$$00000021          0x080001b6   Section        0  libinit2.o(.ARM.Collect$$libinit$$00000021)
    .ARM.Collect$$libinit$$00000023          0x080001b6   Section        0  libinit2.o(.ARM.Collect$$libinit$$00000023)
    .ARM.Collect$$libinit$$00000025          0x080001b6   Section        0  libinit2.o(.ARM.Collect$$libinit$$00000025)
    .ARM.Collect$$libinit$$0000002C          0x080001b6   Section        0  libinit2.o(.ARM.Collect$$libinit$$0000002C)
    .ARM.Collect$$libinit$$0000002E          0x080001b6   Section        0  libinit2.o(.ARM.Collect$$libinit$$0000002E)
    .ARM.Collect$$libinit$$00000030          0x080001b6   Section        0  libinit2.o(.ARM.Collect$$libinit$$00000030)
    .ARM.Collect$$libinit$$00000032          0x080001b6   Section        0  libinit2.o(.ARM.Collect$$libinit$$00000032)
    .ARM.Collect$$libinit$$00000033          0x080001b6   Section        2  libinit2.o(.ARM.Collect$$libinit$$00000033)
    .ARM.Collect$$libshutdown$$00000000      0x080001b8   Section        2  libshutdown.o(.ARM.Collect$$libshutdown$$00000000)
    .ARM.Collect$$libshutdown$$00000002      0x080001ba   Section        0  libshutdown2.o(.ARM.Collect$$libshutdown$$00000002)
    .ARM.Collect$$libshutdown$$00000004      0x080001ba   Section        0  libshutdown2.o(.ARM.Collect$$libshutdown$$00000004)
    .ARM.Collect$$libshutdown$$00000007      0x080001ba   Section        0  libshutdown2.o(.ARM.Collect$$libshutdown$$00000007)
    .ARM.Collect$$libshutdown$$0000000A      0x080001ba   Section        0  libshutdown2.o(.ARM.Collect$$libshutdown$$0000000A)
    .ARM.Collect$$libshutdown$$0000000C      0x080001ba   Section        0  libshutdown2.o(.ARM.Collect$$libshutdown$$0000000C)
    .ARM.Collect$$libshutdown$$0000000F      0x080001ba   Section        0  libshutdown2.o(.ARM.Collect$$libshutdown$$0000000F)
    .ARM.Collect$$libshutdown$$00000010      0x080001ba   Section        2  libshutdown2.o(.ARM.Collect$$libshutdown$$00000010)
    .ARM.Collect$$rtentry$$00000000          0x080001bc   Section        0  __rtentry.o(.ARM.Collect$$rtentry$$00000000)
    .ARM.Collect$$rtentry$$00000002          0x080001bc   Section        0  __rtentry2.o(.ARM.Collect$$rtentry$$00000002)
    .ARM.Collect$$rtentry$$00000004          0x080001bc   Section        6  __rtentry4.o(.ARM.Collect$$rtentry$$00000004)
    .ARM.Collect$$rtentry$$00000009          0x080001c2   Section        0  __rtentry2.o(.ARM.Collect$$rtentry$$00000009)
    .ARM.Collect$$rtentry$$0000000A          0x080001c2   Section        4  __rtentry2.o(.ARM.Collect$$rtentry$$0000000A)
    .ARM.Collect$$rtentry$$0000000C          0x080001c6   Section        0  __rtentry2.o(.ARM.Collect$$rtentry$$0000000C)
    .ARM.Collect$$rtentry$$0000000D          0x080001c6   Section        8  __rtentry2.o(.ARM.Collect$$rtentry$$0000000D)
    .ARM.Collect$$rtexit$$00000000           0x080001ce   Section        2  rtexit.o(.ARM.Collect$$rtexit$$00000000)
    .ARM.Collect$$rtexit$$00000002           0x080001d0   Section        0  rtexit2.o(.ARM.Collect$$rtexit$$00000002)
    .ARM.Collect$$rtexit$$00000003           0x080001d0   Section        4  rtexit2.o(.ARM.Collect$$rtexit$$00000003)
    .ARM.Collect$$rtexit$$00000004           0x080001d4   Section        6  rtexit2.o(.ARM.Collect$$rtexit$$00000004)
    .text                                    0x080001dc   Section       64  startup_stm32f10x_hd.o(.text)
    .text                                    0x0800021c   Section      180  os_cpu_a.o(.text)
    .text                                    0x080002d0   Section        0  noretval__2printf.o(.text)
    .text                                    0x080002e8   Section        0  noretval__2sprintf.o(.text)
    .text                                    0x08000310   Section        0  _printf_str.o(.text)
    .text                                    0x08000364   Section        0  _printf_dec.o(.text)
    .text                                    0x080003dc   Section        0  __printf_ss.o(.text)
    .text                                    0x08000494   Section        0  heapauxi.o(.text)
    .text                                    0x0800049a   Section        0  _printf_intcommon.o(.text)
    .text                                    0x0800054c   Section        0  _printf_char_common.o(.text)
    _printf_input_char                       0x0800054d   Thumb Code    10  _printf_char_common.o(.text)
    .text                                    0x0800057c   Section        0  _sputc.o(.text)
    .text                                    0x08000586   Section        0  _printf_char.o(.text)
    .text                                    0x080005b4   Section        0  _printf_char_file.o(.text)
    .text                                    0x080005d8   Section        0  ferror.o(.text)
    .text                                    0x080005e0   Section       74  sys_stackheap_outer.o(.text)
    .text                                    0x0800062a   Section        0  exit.o(.text)
    .text                                    0x0800063c   Section        8  libspace.o(.text)
    .text                                    0x08000644   Section        0  sys_exit.o(.text)
    .text                                    0x08000650   Section        2  use_no_semi.o(.text)
    .text                                    0x08000652   Section        0  indicate_semi.o(.text)
    i.ADC_Cmd                                0x08000652   Section        0  stm32f10x_adc.o(i.ADC_Cmd)
    i.ADC_GetConversionValue                 0x08000668   Section        0  stm32f10x_adc.o(i.ADC_GetConversionValue)
    i.ADC_GetFlagStatus                      0x08000670   Section        0  stm32f10x_adc.o(i.ADC_GetFlagStatus)
    i.ADC_Init                               0x08000684   Section        0  stm32f10x_adc.o(i.ADC_Init)
    i.ADC_RegularChannelConfig               0x080006d4   Section        0  stm32f10x_adc.o(i.ADC_RegularChannelConfig)
    i.ADC_SoftwareStartConvCmd               0x0800078c   Section        0  stm32f10x_adc.o(i.ADC_SoftwareStartConvCmd)
    i.BusFault_Handler                       0x080007a2   Section        0  stm32f10x_it.o(i.BusFault_Handler)
    i.DHT11_Check                            0x080007a8   Section        0  dht11.o(i.DHT11_Check)
    i.DHT11_Check_2                          0x0800080c   Section        0  dht11_2.o(i.DHT11_Check_2)
    i.DHT11_Read_Bit                         0x08000870   Section        0  dht11.o(i.DHT11_Read_Bit)
    i.DHT11_Read_Bit_2                       0x080008bc   Section        0  dht11_2.o(i.DHT11_Read_Bit_2)
    i.DHT11_Read_Byte                        0x08000908   Section        0  dht11.o(i.DHT11_Read_Byte)
    i.DHT11_Read_Byte_2                      0x08000926   Section        0  dht11_2.o(i.DHT11_Read_Byte_2)
    i.DHT11_Read_Data                        0x08000944   Section        0  dht11.o(i.DHT11_Read_Data)
    i.DHT11_Read_Data_2                      0x0800099c   Section        0  dht11_2.o(i.DHT11_Read_Data_2)
    i.DHT11_Rst                              0x080009f4   Section        0  dht11.o(i.DHT11_Rst)
    i.DHT11_Rst_2                            0x08000a34   Section        0  dht11_2.o(i.DHT11_Rst_2)
    i.DHT_task                               0x08000a74   Section        0  main.o(i.DHT_task)
    i.DebugMon_Handler                       0x08000adc   Section        0  stm32f10x_it.o(i.DebugMon_Handler)
    i.GPIO_Init                              0x08000ade   Section        0  stm32f10x_gpio.o(i.GPIO_Init)
    i.HardFault_Handler                      0x08000bf4   Section        0  stm32f10x_it.o(i.HardFault_Handler)
    i.LM393Iint                              0x08000bf8   Section        0  lm393.o(i.LM393Iint)
    i.LM393_2Iint                            0x08000c74   Section        0  lm393_2.o(i.LM393_2Iint)
    i.LM393_task                             0x08000cf0   Section        0  main.o(i.LM393_task)
    i.MemManage_Handler                      0x08000d64   Section        0  stm32f10x_it.o(i.MemManage_Handler)
    i.NMI_Handler                            0x08000d68   Section        0  stm32f10x_it.o(i.NMI_Handler)
    i.NVIC_Init                              0x08000d6c   Section        0  misc.o(i.NVIC_Init)
    i.NVIC_PriorityGroupConfig               0x08000ddc   Section        0  misc.o(i.NVIC_PriorityGroupConfig)
    i.OSInit                                 0x08000df0   Section        0  os_core.o(i.OSInit)
    i.OSInitHookBegin                        0x08000e1c   Section        0  os_cpu_c.o(i.OSInitHookBegin)
    i.OSInitHookEnd                          0x08000e1e   Section        0  os_cpu_c.o(i.OSInitHookEnd)
    i.OSIntEnter                             0x08000e20   Section        0  os_core.o(i.OSIntEnter)
    i.OSIntExit                              0x08000e44   Section        0  os_core.o(i.OSIntExit)
    i.OSMboxCreate                           0x08000ed4   Section        0  os_mbox.o(i.OSMboxCreate)
    i.OSMboxPend                             0x08000f20   Section        0  os_mbox.o(i.OSMboxPend)
    i.OSMboxPost                             0x08001024   Section        0  os_mbox.o(i.OSMboxPost)
    i.OSSchedLock                            0x08001074   Section        0  os_core.o(i.OSSchedLock)
    i.OSSchedUnlock                          0x080010b4   Section        0  os_core.o(i.OSSchedUnlock)
    i.OSStart                                0x08001114   Section        0  os_core.o(i.OSStart)
    i.OSTCBInitHook                          0x0800115c   Section        0  os_cpu_c.o(i.OSTCBInitHook)
    i.OSTaskCreate                           0x08001160   Section        0  os_task.o(i.OSTaskCreate)
    i.OSTaskCreateExt                        0x08001200   Section        0  os_task.o(i.OSTaskCreateExt)
    i.OSTaskCreateHook                       0x080012b8   Section        0  os_cpu_c.o(i.OSTaskCreateHook)
    i.OSTaskIdleHook                         0x080012ba   Section        0  os_cpu_c.o(i.OSTaskIdleHook)
    i.OSTaskNameSet                          0x080012bc   Section        0  os_task.o(i.OSTaskNameSet)
    i.OSTaskStatHook                         0x0800132c   Section        0  os_cpu_c.o(i.OSTaskStatHook)
    i.OSTaskStkChk                           0x08001330   Section        0  os_task.o(i.OSTaskStkChk)
    i.OSTaskStkInit                          0x080013bc   Section        0  os_cpu_c.o(i.OSTaskStkInit)
    i.OSTaskSuspend                          0x08001458   Section        0  os_task.o(i.OSTaskSuspend)
    i.OSTaskSwHook                           0x08001500   Section        0  os_cpu_c.o(i.OSTaskSwHook)
    i.OSTimeDly                              0x08001504   Section        0  os_time.o(i.OSTimeDly)
    i.OSTimeTick                             0x0800157c   Section        0  os_core.o(i.OSTimeTick)
    i.OSTimeTickHook                         0x08001668   Section        0  os_cpu_c.o(i.OSTimeTickHook)
    i.OS_EventTaskRdy                        0x0800166c   Section        0  os_core.o(i.OS_EventTaskRdy)
    i.OS_EventTaskRemove                     0x080016f0   Section        0  os_core.o(i.OS_EventTaskRemove)
    i.OS_EventTaskWait                       0x0800171c   Section        0  os_core.o(i.OS_EventTaskWait)
    i.OS_EventWaitListInit                   0x08001798   Section        0  os_core.o(i.OS_EventWaitListInit)
    i.OS_FlagInit                            0x080017b4   Section        0  os_flag.o(i.OS_FlagInit)
    i.OS_InitEventList                       0x0800180c   Section        0  os_core.o(i.OS_InitEventList)
    OS_InitEventList                         0x0800180d   Thumb Code    74  os_core.o(i.OS_InitEventList)
    i.OS_InitMisc                            0x08001860   Section        0  os_core.o(i.OS_InitMisc)
    OS_InitMisc                              0x08001861   Thumb Code    44  os_core.o(i.OS_InitMisc)
    i.OS_InitRdyList                         0x080018b4   Section        0  os_core.o(i.OS_InitRdyList)
    OS_InitRdyList                           0x080018b5   Thumb Code    44  os_core.o(i.OS_InitRdyList)
    i.OS_InitTCBList                         0x080018f8   Section        0  os_core.o(i.OS_InitTCBList)
    OS_InitTCBList                           0x080018f9   Thumb Code   106  os_core.o(i.OS_InitTCBList)
    i.OS_InitTaskIdle                        0x08001978   Section        0  os_core.o(i.OS_InitTaskIdle)
    OS_InitTaskIdle                          0x08001979   Thumb Code    50  os_core.o(i.OS_InitTaskIdle)
    i.OS_InitTaskStat                        0x080019c8   Section        0  os_core.o(i.OS_InitTaskStat)
    OS_InitTaskStat                          0x080019c9   Thumb Code    50  os_core.o(i.OS_InitTaskStat)
    i.OS_MemClr                              0x08001a18   Section        0  os_core.o(i.OS_MemClr)
    i.OS_QInit                               0x08001a2c   Section        0  os_q.o(i.OS_QInit)
    i.OS_Sched                               0x08001a7c   Section        0  os_core.o(i.OS_Sched)
    i.OS_SchedNew                            0x08001af0   Section        0  os_core.o(i.OS_SchedNew)
    OS_SchedNew                              0x08001af1   Thumb Code    26  os_core.o(i.OS_SchedNew)
    i.OS_TCBInit                             0x08001b1c   Section        0  os_core.o(i.OS_TCBInit)
    i.OS_TaskIdle                            0x08001c50   Section        0  os_core.o(i.OS_TaskIdle)
    i.OS_TaskStat                            0x08001c78   Section        0  os_core.o(i.OS_TaskStat)
    i.OS_TaskStatStkChk                      0x08001d00   Section        0  os_core.o(i.OS_TaskStatStkChk)
    i.OS_TaskStkClr                          0x08001d3c   Section        0  os_task.o(i.OS_TaskStkClr)
    i.RCC_APB1PeriphClockCmd                 0x08001d58   Section        0  stm32f10x_rcc.o(i.RCC_APB1PeriphClockCmd)
    i.RCC_APB1PeriphResetCmd                 0x08001d78   Section        0  stm32f10x_rcc.o(i.RCC_APB1PeriphResetCmd)
    i.RCC_APB2PeriphClockCmd                 0x08001d98   Section        0  stm32f10x_rcc.o(i.RCC_APB2PeriphClockCmd)
    i.RCC_APB2PeriphResetCmd                 0x08001db8   Section        0  stm32f10x_rcc.o(i.RCC_APB2PeriphResetCmd)
    i.RCC_GetClocksFreq                      0x08001dd8   Section        0  stm32f10x_rcc.o(i.RCC_GetClocksFreq)
    i.SVC_Handler                            0x08001eac   Section        0  stm32f10x_it.o(i.SVC_Handler)
    i.SetSysClock                            0x08001eae   Section        0  system_stm32f10x.o(i.SetSysClock)
    SetSysClock                              0x08001eaf   Thumb Code     8  system_stm32f10x.o(i.SetSysClock)
    i.SetSysClockTo72                        0x08001eb8   Section        0  system_stm32f10x.o(i.SetSysClockTo72)
    SetSysClockTo72                          0x08001eb9   Thumb Code   214  system_stm32f10x.o(i.SetSysClockTo72)
    i.SysTick_CLKSourceConfig                0x08001f98   Section        0  misc.o(i.SysTick_CLKSourceConfig)
    i.SysTick_Handler                        0x08001fc0   Section        0  delay.o(i.SysTick_Handler)
    i.SystemInit                             0x08001fdc   Section        0  system_stm32f10x.o(i.SystemInit)
    i.USART1_IRQHandler                      0x0800203c   Section        0  usart.o(i.USART1_IRQHandler)
    i.USART1_InitPins                        0x08002064   Section        0  usart.o(i.USART1_InitPins)
    i.USART2_IRQHandler                      0x080020ec   Section        0  usart.o(i.USART2_IRQHandler)
    i.USART2_InitPins                        0x08002114   Section        0  usart.o(i.USART2_InitPins)
    i.USART3_IRQHandler                      0x080021a0   Section        0  usart.o(i.USART3_IRQHandler)
    i.USART3_InitPins                        0x080021c8   Section        0  usart.o(i.USART3_InitPins)
    i.USART_Cmd                              0x0800229c   Section        0  stm32f10x_usart.o(i.USART_Cmd)
    i.USART_DeInit                           0x080022b4   Section        0  stm32f10x_usart.o(i.USART_DeInit)
    i.USART_GetFlagStatus                    0x08002350   Section        0  stm32f10x_usart.o(i.USART_GetFlagStatus)
    i.USART_GetITStatus                      0x0800236a   Section        0  stm32f10x_usart.o(i.USART_GetITStatus)
    i.USART_INT_GetSubPriority               0x080023c0   Section        0  usart.o(i.USART_INT_GetSubPriority)
    i.USART_INT_InsertToBuffer               0x080023e8   Section        0  usart.o(i.USART_INT_InsertToBuffer)
    i.USART_ITConfig                         0x08002414   Section        0  stm32f10x_usart.o(i.USART_ITConfig)
    i.USART_Init                             0x08002460   Section        0  stm32f10x_usart.o(i.USART_Init)
    i.USART_Putc                             0x08002538   Section        0  usart.o(i.USART_Putc)
    i.USARTx_Init                            0x08002554   Section        0  usart.o(i.USARTx_Init)
    i.UsageFault_Handler                     0x0800263c   Section        0  stm32f10x_it.o(i.UsageFault_Handler)
    i.delay_init                             0x08002640   Section        0  delay.o(i.delay_init)
    i.delay_ms                               0x0800269c   Section        0  delay.o(i.delay_ms)
    i.delay_osschedlock                      0x080026ec   Section        0  delay.o(i.delay_osschedlock)
    i.delay_osschedunlock                    0x080026f4   Section        0  delay.o(i.delay_osschedunlock)
    i.delay_ostimedly                        0x080026fc   Section        0  delay.o(i.delay_ostimedly)
    i.delay_us                               0x08002708   Section        0  delay.o(i.delay_us)
    i.fputc                                  0x08002764   Section        0  usart.o(i.fputc)
    i.main                                   0x0800277c   Section        0  main.o(i.main)
    i.start_task                             0x080027c4   Section        0  main.o(i.start_task)
    .constdata                               0x08002818   Section      256  os_core.o(.constdata)
    .data                                    0x20000000   Section       12  main.o(.data)
    .data                                    0x2000000c   Section       20  system_stm32f10x.o(.data)
    .data                                    0x20000020   Section        4  delay.o(.data)
    fac_us                                   0x20000020   Data           1  delay.o(.data)
    fac_ms                                   0x20000022   Data           2  delay.o(.data)
    .data                                    0x20000024   Section       44  usart.o(.data)
    .data                                    0x20000050   Section       20  stm32f10x_rcc.o(.data)
    APBAHBPrescTable                         0x20000050   Data          16  stm32f10x_rcc.o(.data)
    ADCPrescTable                            0x20000060   Data           4  stm32f10x_rcc.o(.data)
    .data                                    0x20000064   Section       72  os_core.o(.data)
    .bss                                     0x200000b0   Section     1792  main.o(.bss)
    LM393_TASK_STK                           0x200003b0   Data        1024  main.o(.bss)
    .bss                                     0x200007b0   Section       96  usart.o(.bss)
    .bss                                     0x20000810   Section     2688  os_core.o(.bss)
    .bss                                     0x20001290   Section       96  libspace.o(.bss)
    HEAP                                     0x200012f0   Section     2048  startup_stm32f10x_hd.o(HEAP)
    Heap_Mem                                 0x200012f0   Data        2048  startup_stm32f10x_hd.o(HEAP)
    STACK                                    0x20001af0   Section     1024  startup_stm32f10x_hd.o(STACK)
    Stack_Mem                                0x20001af0   Data        1024  startup_stm32f10x_hd.o(STACK)
    __initial_sp                             0x20001ef0   Data           0  startup_stm32f10x_hd.o(STACK)

    Global Symbols

    Symbol Name                              Value     Ov Type        Size  Object(Section)

    BuildAttributes$$THM_ISAv4$P$D$K$B$S$PE$A:L22UL41UL21$X:L11$S22US41US21$IEEE1$IW$USESV6$~STKCKD$USESV7$~SHL$OSPACE$ROPI$EBA8$UX$STANDARDLIB$REQ8$PRES8$EABIv2 0x00000000   Number         0  anon$$obj.o ABSOLUTE
    __ARM_use_no_argv                        0x00000000   Number         0  main.o ABSOLUTE
    _printf_flags                            0x00000000   Number         0  printf_stubs.o ABSOLUTE
    _printf_return_value                     0x00000000   Number         0  printf_stubs.o ABSOLUTE
    _printf_sizespec                         0x00000000   Number         0  printf_stubs.o ABSOLUTE
    _printf_widthprec                        0x00000000   Number         0  printf_stubs.o ABSOLUTE
    __ARM_exceptions_init                     - Undefined Weak Reference
    __alloca_initialize                       - Undefined Weak Reference
    __arm_preinit_                            - Undefined Weak Reference
    __cpp_initialize__aeabi_                  - Undefined Weak Reference
    __cxa_finalize                            - Undefined Weak Reference
    __rt_locale                               - Undefined Weak Reference
    __sigvec_lookup                           - Undefined Weak Reference
    _atexit_init                              - Undefined Weak Reference
    _call_atexit_fns                          - Undefined Weak Reference
    _clock_init                               - Undefined Weak Reference
    _fp_trap_init                             - Undefined Weak Reference
    _fp_trap_shutdown                         - Undefined Weak Reference
    _get_lc_collate                           - Undefined Weak Reference
    _get_lc_ctype                             - Undefined Weak Reference
    _get_lc_monetary                          - Undefined Weak Reference
    _get_lc_numeric                           - Undefined Weak Reference
    _get_lc_time                              - Undefined Weak Reference
    _getenv_init                              - Undefined Weak Reference
    _handle_redirection                       - Undefined Weak Reference
    _init_alloc                               - Undefined Weak Reference
    _init_user_alloc                          - Undefined Weak Reference
    _initio                                   - Undefined Weak Reference
    _mutex_acquire                            - Undefined Weak Reference
    _mutex_release                            - Undefined Weak Reference
    _printf_mbtowc                            - Undefined Weak Reference
    _printf_post_padding                      - Undefined Weak Reference
    _printf_pre_padding                       - Undefined Weak Reference
    _printf_truncate_signed                   - Undefined Weak Reference
    _printf_truncate_unsigned                 - Undefined Weak Reference
    _rand_init                                - Undefined Weak Reference
    _signal_finish                            - Undefined Weak Reference
    _signal_init                              - Undefined Weak Reference
    _terminate_alloc                          - Undefined Weak Reference
    _terminate_user_alloc                     - Undefined Weak Reference
    _terminateio                              - Undefined Weak Reference
    __Vectors_Size                           0x00000130   Number         0  startup_stm32f10x_hd.o ABSOLUTE
    __Vectors                                0x08000000   Data           4  startup_stm32f10x_hd.o(RESET)
    __Vectors_End                            0x08000130   Data           0  startup_stm32f10x_hd.o(RESET)
    __main                                   0x08000131   Thumb Code     8  __main.o(!!!main)
    __scatterload                            0x08000139   Thumb Code     0  __scatter.o(!!!scatter)
    __scatterload_rt2                        0x08000139   Thumb Code    44  __scatter.o(!!!scatter)
    __scatterload_rt2_thumb_only             0x08000139   Thumb Code     0  __scatter.o(!!!scatter)
    __scatterload_null                       0x08000147   Thumb Code     0  __scatter.o(!!!scatter)
    __scatterload_copy                       0x0800016d   Thumb Code    26  __scatter_copy.o(!!handler_copy)
    __scatterload_zeroinit                   0x08000189   Thumb Code    28  __scatter_zi.o(!!handler_zi)
    _printf_d                                0x080001a5   Thumb Code     0  _printf_d.o(.ARM.Collect$$_printf_percent$$00000009)
    _printf_percent                          0x080001a5   Thumb Code     0  _printf_percent.o(.ARM.Collect$$_printf_percent$$00000000)
    _printf_s                                0x080001ab   Thumb Code     0  _printf_s.o(.ARM.Collect$$_printf_percent$$00000014)
    _printf_percent_end                      0x080001b1   Thumb Code     0  _printf_percent_end.o(.ARM.Collect$$_printf_percent$$00000017)
    __rt_lib_init                            0x080001b5   Thumb Code     0  libinit.o(.ARM.Collect$$libinit$$00000000)
    __rt_lib_init_alloca_1                   0x080001b7   Thumb Code     0  libinit2.o(.ARM.Collect$$libinit$$0000002E)
    __rt_lib_init_argv_1                     0x080001b7   Thumb Code     0  libinit2.o(.ARM.Collect$$libinit$$0000002C)
    __rt_lib_init_atexit_1                   0x080001b7   Thumb Code     0  libinit2.o(.ARM.Collect$$libinit$$0000001B)
    __rt_lib_init_clock_1                    0x080001b7   Thumb Code     0  libinit2.o(.ARM.Collect$$libinit$$00000021)
    __rt_lib_init_cpp_1                      0x080001b7   Thumb Code     0  libinit2.o(.ARM.Collect$$libinit$$00000032)
    __rt_lib_init_exceptions_1               0x080001b7   Thumb Code     0  libinit2.o(.ARM.Collect$$libinit$$00000030)
    __rt_lib_init_fp_1                       0x080001b7   Thumb Code     0  libinit2.o(.ARM.Collect$$libinit$$00000002)
    __rt_lib_init_fp_trap_1                  0x080001b7   Thumb Code     0  libinit2.o(.ARM.Collect$$libinit$$0000001F)
    __rt_lib_init_getenv_1                   0x080001b7   Thumb Code     0  libinit2.o(.ARM.Collect$$libinit$$00000023)
    __rt_lib_init_heap_1                     0x080001b7   Thumb Code     0  libinit2.o(.ARM.Collect$$libinit$$0000000A)
    __rt_lib_init_lc_collate_1               0x080001b7   Thumb Code     0  libinit2.o(.ARM.Collect$$libinit$$00000011)
    __rt_lib_init_lc_ctype_1                 0x080001b7   Thumb Code     0  libinit2.o(.ARM.Collect$$libinit$$00000013)
    __rt_lib_init_lc_monetary_1              0x080001b7   Thumb Code     0  libinit2.o(.ARM.Collect$$libinit$$00000015)
    __rt_lib_init_lc_numeric_1               0x080001b7   Thumb Code     0  libinit2.o(.ARM.Collect$$libinit$$00000017)
    __rt_lib_init_lc_time_1                  0x080001b7   Thumb Code     0  libinit2.o(.ARM.Collect$$libinit$$00000019)
    __rt_lib_init_preinit_1                  0x080001b7   Thumb Code     0  libinit2.o(.ARM.Collect$$libinit$$00000004)
    __rt_lib_init_rand_1                     0x080001b7   Thumb Code     0  libinit2.o(.ARM.Collect$$libinit$$0000000E)
    __rt_lib_init_return                     0x080001b7   Thumb Code     0  libinit2.o(.ARM.Collect$$libinit$$00000033)
    __rt_lib_init_signal_1                   0x080001b7   Thumb Code     0  libinit2.o(.ARM.Collect$$libinit$$0000001D)
    __rt_lib_init_stdio_1                    0x080001b7   Thumb Code     0  libinit2.o(.ARM.Collect$$libinit$$00000025)
    __rt_lib_init_user_alloc_1               0x080001b7   Thumb Code     0  libinit2.o(.ARM.Collect$$libinit$$0000000C)
    __rt_lib_shutdown                        0x080001b9   Thumb Code     0  libshutdown.o(.ARM.Collect$$libshutdown$$00000000)
    __rt_lib_shutdown_cpp_1                  0x080001bb   Thumb Code     0  libshutdown2.o(.ARM.Collect$$libshutdown$$00000002)
    __rt_lib_shutdown_fp_trap_1              0x080001bb   Thumb Code     0  libshutdown2.o(.ARM.Collect$$libshutdown$$00000007)
    __rt_lib_shutdown_heap_1                 0x080001bb   Thumb Code     0  libshutdown2.o(.ARM.Collect$$libshutdown$$0000000F)
    __rt_lib_shutdown_return                 0x080001bb   Thumb Code     0  libshutdown2.o(.ARM.Collect$$libshutdown$$00000010)
    __rt_lib_shutdown_signal_1               0x080001bb   Thumb Code     0  libshutdown2.o(.ARM.Collect$$libshutdown$$0000000A)
    __rt_lib_shutdown_stdio_1                0x080001bb   Thumb Code     0  libshutdown2.o(.ARM.Collect$$libshutdown$$00000004)
    __rt_lib_shutdown_user_alloc_1           0x080001bb   Thumb Code     0  libshutdown2.o(.ARM.Collect$$libshutdown$$0000000C)
    __rt_entry                               0x080001bd   Thumb Code     0  __rtentry.o(.ARM.Collect$$rtentry$$00000000)
    __rt_entry_presh_1                       0x080001bd   Thumb Code     0  __rtentry2.o(.ARM.Collect$$rtentry$$00000002)
    __rt_entry_sh                            0x080001bd   Thumb Code     0  __rtentry4.o(.ARM.Collect$$rtentry$$00000004)
    __rt_entry_li                            0x080001c3   Thumb Code     0  __rtentry2.o(.ARM.Collect$$rtentry$$0000000A)
    __rt_entry_postsh_1                      0x080001c3   Thumb Code     0  __rtentry2.o(.ARM.Collect$$rtentry$$00000009)
    __rt_entry_main                          0x080001c7   Thumb Code     0  __rtentry2.o(.ARM.Collect$$rtentry$$0000000D)
    __rt_entry_postli_1                      0x080001c7   Thumb Code     0  __rtentry2.o(.ARM.Collect$$rtentry$$0000000C)
    __rt_exit                                0x080001cf   Thumb Code     0  rtexit.o(.ARM.Collect$$rtexit$$00000000)
    __rt_exit_ls                             0x080001d1   Thumb Code     0  rtexit2.o(.ARM.Collect$$rtexit$$00000003)
    __rt_exit_prels_1                        0x080001d1   Thumb Code     0  rtexit2.o(.ARM.Collect$$rtexit$$00000002)
    __rt_exit_exit                           0x080001d5   Thumb Code     0  rtexit2.o(.ARM.Collect$$rtexit$$00000004)
    Reset_Handler                            0x080001dd   Thumb Code     8  startup_stm32f10x_hd.o(.text)
    ADC1_2_IRQHandler                        0x080001f7   Thumb Code     0  startup_stm32f10x_hd.o(.text)
    ADC3_IRQHandler                          0x080001f7   Thumb Code     0  startup_stm32f10x_hd.o(.text)
    CAN1_RX1_IRQHandler                      0x080001f7   Thumb Code     0  startup_stm32f10x_hd.o(.text)
    CAN1_SCE_IRQHandler                      0x080001f7   Thumb Code     0  startup_stm32f10x_hd.o(.text)
    DMA1_Channel1_IRQHandler                 0x080001f7   Thumb Code     0  startup_stm32f10x_hd.o(.text)
    DMA1_Channel2_IRQHandler                 0x080001f7   Thumb Code     0  startup_stm32f10x_hd.o(.text)
    DMA1_Channel3_IRQHandler                 0x080001f7   Thumb Code     0  startup_stm32f10x_hd.o(.text)
    DMA1_Channel4_IRQHandler                 0x080001f7   Thumb Code     0  startup_stm32f10x_hd.o(.text)
    DMA1_Channel5_IRQHandler                 0x080001f7   Thumb Code     0  startup_stm32f10x_hd.o(.text)
    DMA1_Channel6_IRQHandler                 0x080001f7   Thumb Code     0  startup_stm32f10x_hd.o(.text)
    DMA1_Channel7_IRQHandler                 0x080001f7   Thumb Code     0  startup_stm32f10x_hd.o(.text)
    DMA2_Channel1_IRQHandler                 0x080001f7   Thumb Code     0  startup_stm32f10x_hd.o(.text)
    DMA2_Channel2_IRQHandler                 0x080001f7   Thumb Code     0  startup_stm32f10x_hd.o(.text)
    DMA2_Channel3_IRQHandler                 0x080001f7   Thumb Code     0  startup_stm32f10x_hd.o(.text)
    DMA2_Channel4_5_IRQHandler               0x080001f7   Thumb Code     0  startup_stm32f10x_hd.o(.text)
    EXTI0_IRQHandler                         0x080001f7   Thumb Code     0  startup_stm32f10x_hd.o(.text)
    EXTI15_10_IRQHandler                     0x080001f7   Thumb Code     0  startup_stm32f10x_hd.o(.text)
    EXTI1_IRQHandler                         0x080001f7   Thumb Code     0  startup_stm32f10x_hd.o(.text)
    EXTI2_IRQHandler                         0x080001f7   Thumb Code     0  startup_stm32f10x_hd.o(.text)
    EXTI3_IRQHandler                         0x080001f7   Thumb Code     0  startup_stm32f10x_hd.o(.text)
    EXTI4_IRQHandler                         0x080001f7   Thumb Code     0  startup_stm32f10x_hd.o(.text)
    EXTI9_5_IRQHandler                       0x080001f7   Thumb Code     0  startup_stm32f10x_hd.o(.text)
    FLASH_IRQHandler                         0x080001f7   Thumb Code     0  startup_stm32f10x_hd.o(.text)
    FSMC_IRQHandler                          0x080001f7   Thumb Code     0  startup_stm32f10x_hd.o(.text)
    I2C1_ER_IRQHandler                       0x080001f7   Thumb Code     0  startup_stm32f10x_hd.o(.text)
    I2C1_EV_IRQHandler                       0x080001f7   Thumb Code     0  startup_stm32f10x_hd.o(.text)
    I2C2_ER_IRQHandler                       0x080001f7   Thumb Code     0  startup_stm32f10x_hd.o(.text)
    I2C2_EV_IRQHandler                       0x080001f7   Thumb Code     0  startup_stm32f10x_hd.o(.text)
    PVD_IRQHandler                           0x080001f7   Thumb Code     0  startup_stm32f10x_hd.o(.text)
    RCC_IRQHandler                           0x080001f7   Thumb Code     0  startup_stm32f10x_hd.o(.text)
    RTCAlarm_IRQHandler                      0x080001f7   Thumb Code     0  startup_stm32f10x_hd.o(.text)
    RTC_IRQHandler                           0x080001f7   Thumb Code     0  startup_stm32f10x_hd.o(.text)
    SDIO_IRQHandler                          0x080001f7   Thumb Code     0  startup_stm32f10x_hd.o(.text)
    SPI1_IRQHandler                          0x080001f7   Thumb Code     0  startup_stm32f10x_hd.o(.text)
    SPI2_IRQHandler                          0x080001f7   Thumb Code     0  startup_stm32f10x_hd.o(.text)
    SPI3_IRQHandler                          0x080001f7   Thumb Code     0  startup_stm32f10x_hd.o(.text)
    TAMPER_IRQHandler                        0x080001f7   Thumb Code     0  startup_stm32f10x_hd.o(.text)
    TIM1_BRK_IRQHandler                      0x080001f7   Thumb Code     0  startup_stm32f10x_hd.o(.text)
    TIM1_CC_IRQHandler                       0x080001f7   Thumb Code     0  startup_stm32f10x_hd.o(.text)
    TIM1_TRG_COM_IRQHandler                  0x080001f7   Thumb Code     0  startup_stm32f10x_hd.o(.text)
    TIM1_UP_IRQHandler                       0x080001f7   Thumb Code     0  startup_stm32f10x_hd.o(.text)
    TIM2_IRQHandler                          0x080001f7   Thumb Code     0  startup_stm32f10x_hd.o(.text)
    TIM3_IRQHandler                          0x080001f7   Thumb Code     0  startup_stm32f10x_hd.o(.text)
    TIM4_IRQHandler                          0x080001f7   Thumb Code     0  startup_stm32f10x_hd.o(.text)
    TIM5_IRQHandler                          0x080001f7   Thumb Code     0  startup_stm32f10x_hd.o(.text)
    TIM6_IRQHandler                          0x080001f7   Thumb Code     0  startup_stm32f10x_hd.o(.text)
    TIM7_IRQHandler                          0x080001f7   Thumb Code     0  startup_stm32f10x_hd.o(.text)
    TIM8_BRK_IRQHandler                      0x080001f7   Thumb Code     0  startup_stm32f10x_hd.o(.text)
    TIM8_CC_IRQHandler                       0x080001f7   Thumb Code     0  startup_stm32f10x_hd.o(.text)
    TIM8_TRG_COM_IRQHandler                  0x080001f7   Thumb Code     0  startup_stm32f10x_hd.o(.text)
    TIM8_UP_IRQHandler                       0x080001f7   Thumb Code     0  startup_stm32f10x_hd.o(.text)
    UART4_IRQHandler                         0x080001f7   Thumb Code     0  startup_stm32f10x_hd.o(.text)
    UART5_IRQHandler                         0x080001f7   Thumb Code     0  startup_stm32f10x_hd.o(.text)
    USBWakeUp_IRQHandler                     0x080001f7   Thumb Code     0  startup_stm32f10x_hd.o(.text)
    USB_HP_CAN1_TX_IRQHandler                0x080001f7   Thumb Code     0  startup_stm32f10x_hd.o(.text)
    USB_LP_CAN1_RX0_IRQHandler               0x080001f7   Thumb Code     0  startup_stm32f10x_hd.o(.text)
    WWDG_IRQHandler                          0x080001f7   Thumb Code     0  startup_stm32f10x_hd.o(.text)
    __user_initial_stackheap                 0x080001f9   Thumb Code     0  startup_stm32f10x_hd.o(.text)
    OS_CPU_SR_Save                           0x0800021d   Thumb Code     0  os_cpu_a.o(.text)
    OS_CPU_SR_Restore                        0x08000225   Thumb Code     0  os_cpu_a.o(.text)
    OSStartHighRdy                           0x0800022b   Thumb Code     0  os_cpu_a.o(.text)
    OSCtxSw                                  0x0800024d   Thumb Code     0  os_cpu_a.o(.text)
    OSIntCtxSw                               0x0800025b   Thumb Code     0  os_cpu_a.o(.text)
    PendSV_Handler                           0x0800026b   Thumb Code     0  os_cpu_a.o(.text)
    __2printf                                0x080002d1   Thumb Code    20  noretval__2printf.o(.text)
    __2sprintf                               0x080002e9   Thumb Code    34  noretval__2sprintf.o(.text)
    _printf_str                              0x08000311   Thumb Code    82  _printf_str.o(.text)
    _printf_int_dec                          0x08000365   Thumb Code   104  _printf_dec.o(.text)
    __printf                                 0x080003dd   Thumb Code   184  __printf_ss.o(.text)
    __use_two_region_memory                  0x08000495   Thumb Code     2  heapauxi.o(.text)
    __rt_heap_escrow$2region                 0x08000497   Thumb Code     2  heapauxi.o(.text)
    __rt_heap_expand$2region                 0x08000499   Thumb Code     2  heapauxi.o(.text)
    _printf_int_common                       0x0800049b   Thumb Code   178  _printf_intcommon.o(.text)
    _printf_char_common                      0x08000557   Thumb Code    32  _printf_char_common.o(.text)
    _sputc                                   0x0800057d   Thumb Code    10  _sputc.o(.text)
    _printf_cs_common                        0x08000587   Thumb Code    20  _printf_char.o(.text)
    _printf_char                             0x0800059b   Thumb Code    16  _printf_char.o(.text)
    _printf_string                           0x080005ab   Thumb Code     8  _printf_char.o(.text)
    _printf_char_file                        0x080005b5   Thumb Code    32  _printf_char_file.o(.text)
    ferror                                   0x080005d9   Thumb Code     8  ferror.o(.text)
    __user_setup_stackheap                   0x080005e1   Thumb Code    74  sys_stackheap_outer.o(.text)
    exit                                     0x0800062b   Thumb Code    18  exit.o(.text)
    __user_libspace                          0x0800063d   Thumb Code     8  libspace.o(.text)
    __user_perproc_libspace                  0x0800063d   Thumb Code     0  libspace.o(.text)
    __user_perthread_libspace                0x0800063d   Thumb Code     0  libspace.o(.text)
    _sys_exit                                0x08000645   Thumb Code     8  sys_exit.o(.text)
    __I$use$semihosting                      0x08000651   Thumb Code     0  use_no_semi.o(.text)
    __use_no_semihosting_swi                 0x08000651   Thumb Code     2  use_no_semi.o(.text)
    ADC_Cmd                                  0x08000653   Thumb Code    22  stm32f10x_adc.o(i.ADC_Cmd)
    __semihosting_library_function           0x08000653   Thumb Code     0  indicate_semi.o(.text)
    ADC_GetConversionValue                   0x08000669   Thumb Code     8  stm32f10x_adc.o(i.ADC_GetConversionValue)
    ADC_GetFlagStatus                        0x08000671   Thumb Code    18  stm32f10x_adc.o(i.ADC_GetFlagStatus)
    ADC_Init                                 0x08000685   Thumb Code    70  stm32f10x_adc.o(i.ADC_Init)
    ADC_RegularChannelConfig                 0x080006d5   Thumb Code   184  stm32f10x_adc.o(i.ADC_RegularChannelConfig)
    ADC_SoftwareStartConvCmd                 0x0800078d   Thumb Code    22  stm32f10x_adc.o(i.ADC_SoftwareStartConvCmd)
    BusFault_Handler                         0x080007a3   Thumb Code     4  stm32f10x_it.o(i.BusFault_Handler)
    DHT11_Check                              0x080007a9   Thumb Code    92  dht11.o(i.DHT11_Check)
    DHT11_Check_2                            0x0800080d   Thumb Code    92  dht11_2.o(i.DHT11_Check_2)
    DHT11_Read_Bit                           0x08000871   Thumb Code    70  dht11.o(i.DHT11_Read_Bit)
    DHT11_Read_Bit_2                         0x080008bd   Thumb Code    70  dht11_2.o(i.DHT11_Read_Bit_2)
    DHT11_Read_Byte                          0x08000909   Thumb Code    30  dht11.o(i.DHT11_Read_Byte)
    DHT11_Read_Byte_2                        0x08000927   Thumb Code    30  dht11_2.o(i.DHT11_Read_Byte_2)
    DHT11_Read_Data                          0x08000945   Thumb Code    88  dht11.o(i.DHT11_Read_Data)
    DHT11_Read_Data_2                        0x0800099d   Thumb Code    88  dht11_2.o(i.DHT11_Read_Data_2)
    DHT11_Rst                                0x080009f5   Thumb Code    52  dht11.o(i.DHT11_Rst)
    DHT11_Rst_2                              0x08000a35   Thumb Code    52  dht11_2.o(i.DHT11_Rst_2)
    DHT_task                                 0x08000a75   Thumb Code    82  main.o(i.DHT_task)
    DebugMon_Handler                         0x08000add   Thumb Code     2  stm32f10x_it.o(i.DebugMon_Handler)
    GPIO_Init                                0x08000adf   Thumb Code   278  stm32f10x_gpio.o(i.GPIO_Init)
    HardFault_Handler                        0x08000bf5   Thumb Code     4  stm32f10x_it.o(i.HardFault_Handler)
    LM393Iint                                0x08000bf9   Thumb Code   116  lm393.o(i.LM393Iint)
    LM393_2Iint                              0x08000c75   Thumb Code   116  lm393_2.o(i.LM393_2Iint)
    LM393_task                               0x08000cf1   Thumb Code    88  main.o(i.LM393_task)
    MemManage_Handler                        0x08000d65   Thumb Code     4  stm32f10x_it.o(i.MemManage_Handler)
    NMI_Handler                              0x08000d69   Thumb Code     2  stm32f10x_it.o(i.NMI_Handler)
    NVIC_Init                                0x08000d6d   Thumb Code   100  misc.o(i.NVIC_Init)
    NVIC_PriorityGroupConfig                 0x08000ddd   Thumb Code    10  misc.o(i.NVIC_PriorityGroupConfig)
    OSInit                                   0x08000df1   Thumb Code    44  os_core.o(i.OSInit)
    OSInitHookBegin                          0x08000e1d   Thumb Code     2  os_cpu_c.o(i.OSInitHookBegin)
    OSInitHookEnd                            0x08000e1f   Thumb Code     2  os_cpu_c.o(i.OSInitHookEnd)
    OSIntEnter                               0x08000e21   Thumb Code    28  os_core.o(i.OSIntEnter)
    OSIntExit                                0x08000e45   Thumb Code   112  os_core.o(i.OSIntExit)
    OSMboxCreate                             0x08000ed5   Thumb Code    68  os_mbox.o(i.OSMboxCreate)
    OSMboxPend                               0x08000f21   Thumb Code   246  os_mbox.o(i.OSMboxPend)
    OSMboxPost                               0x08001025   Thumb Code    80  os_mbox.o(i.OSMboxPost)
    OSSchedLock                              0x08001075   Thumb Code    50  os_core.o(i.OSSchedLock)
    OSSchedUnlock                            0x080010b5   Thumb Code    82  os_core.o(i.OSSchedUnlock)
    OSStart                                  0x08001115   Thumb Code    48  os_core.o(i.OSStart)
    OSTCBInitHook                            0x0800115d   Thumb Code     2  os_cpu_c.o(i.OSTCBInitHook)
    OSTaskCreate                             0x08001161   Thumb Code   148  os_task.o(i.OSTaskCreate)
    OSTaskCreateExt                          0x08001201   Thumb Code   170  os_task.o(i.OSTaskCreateExt)
    OSTaskCreateHook                         0x080012b9   Thumb Code     2  os_cpu_c.o(i.OSTaskCreateHook)
    OSTaskIdleHook                           0x080012bb   Thumb Code     2  os_cpu_c.o(i.OSTaskIdleHook)
    OSTaskNameSet                            0x080012bd   Thumb Code    98  os_task.o(i.OSTaskNameSet)
    OSTaskStatHook                           0x0800132d   Thumb Code     2  os_cpu_c.o(i.OSTaskStatHook)
    OSTaskStkChk                             0x08001331   Thumb Code   132  os_task.o(i.OSTaskStkChk)
    OSTaskStkInit                            0x080013bd   Thumb Code   154  os_cpu_c.o(i.OSTaskStkInit)
    OSTaskSuspend                            0x08001459   Thumb Code   152  os_task.o(i.OSTaskSuspend)
    OSTaskSwHook                             0x08001501   Thumb Code     2  os_cpu_c.o(i.OSTaskSwHook)
    OSTimeDly                                0x08001505   Thumb Code   100  os_time.o(i.OSTimeDly)
    OSTimeTick                               0x0800157d   Thumb Code   210  os_core.o(i.OSTimeTick)
    OSTimeTickHook                           0x08001669   Thumb Code     2  os_cpu_c.o(i.OSTimeTickHook)
    OS_EventTaskRdy                          0x0800166d   Thumb Code   114  os_core.o(i.OS_EventTaskRdy)
    OS_EventTaskRemove                       0x080016f1   Thumb Code    42  os_core.o(i.OS_EventTaskRemove)
    OS_EventTaskWait                         0x0800171d   Thumb Code   112  os_core.o(i.OS_EventTaskWait)
    OS_EventWaitListInit                     0x08001799   Thumb Code    28  os_core.o(i.OS_EventWaitListInit)
    OS_FlagInit                              0x080017b5   Thumb Code    74  os_flag.o(i.OS_FlagInit)
    OS_MemClr                                0x08001a19   Thumb Code    18  os_core.o(i.OS_MemClr)
    OS_QInit                                 0x08001a2d   Thumb Code    72  os_q.o(i.OS_QInit)
    OS_Sched                                 0x08001a7d   Thumb Code    88  os_core.o(i.OS_Sched)
    OS_TCBInit                               0x08001b1d   Thumb Code   278  os_core.o(i.OS_TCBInit)
    OS_TaskIdle                              0x08001c51   Thumb Code    34  os_core.o(i.OS_TaskIdle)
    OS_TaskStat                              0x08001c79   Thumb Code   116  os_core.o(i.OS_TaskStat)
    OS_TaskStatStkChk                        0x08001d01   Thumb Code    54  os_core.o(i.OS_TaskStatStkChk)
    OS_TaskStkClr                            0x08001d3d   Thumb Code    26  os_task.o(i.OS_TaskStkClr)
    RCC_APB1PeriphClockCmd                   0x08001d59   Thumb Code    26  stm32f10x_rcc.o(i.RCC_APB1PeriphClockCmd)
    RCC_APB1PeriphResetCmd                   0x08001d79   Thumb Code    26  stm32f10x_rcc.o(i.RCC_APB1PeriphResetCmd)
    RCC_APB2PeriphClockCmd                   0x08001d99   Thumb Code    26  stm32f10x_rcc.o(i.RCC_APB2PeriphClockCmd)
    RCC_APB2PeriphResetCmd                   0x08001db9   Thumb Code    26  stm32f10x_rcc.o(i.RCC_APB2PeriphResetCmd)
    RCC_GetClocksFreq                        0x08001dd9   Thumb Code   192  stm32f10x_rcc.o(i.RCC_GetClocksFreq)
    SVC_Handler                              0x08001ead   Thumb Code     2  stm32f10x_it.o(i.SVC_Handler)
    SysTick_CLKSourceConfig                  0x08001f99   Thumb Code    40  misc.o(i.SysTick_CLKSourceConfig)
    SysTick_Handler                          0x08001fc1   Thumb Code    24  delay.o(i.SysTick_Handler)
    SystemInit                               0x08001fdd   Thumb Code    78  system_stm32f10x.o(i.SystemInit)
    USART1_IRQHandler                        0x0800203d   Thumb Code    30  usart.o(i.USART1_IRQHandler)
    USART1_InitPins                          0x08002065   Thumb Code   122  usart.o(i.USART1_InitPins)
    USART2_IRQHandler                        0x080020ed   Thumb Code    30  usart.o(i.USART2_IRQHandler)
    USART2_InitPins                          0x08002115   Thumb Code   128  usart.o(i.USART2_InitPins)
    USART3_IRQHandler                        0x080021a1   Thumb Code    30  usart.o(i.USART3_IRQHandler)
    USART3_InitPins                          0x080021c9   Thumb Code   194  usart.o(i.USART3_InitPins)
    USART_Cmd                                0x0800229d   Thumb Code    24  stm32f10x_usart.o(i.USART_Cmd)
    USART_DeInit                             0x080022b5   Thumb Code   134  stm32f10x_usart.o(i.USART_DeInit)
    USART_GetFlagStatus                      0x08002351   Thumb Code    26  stm32f10x_usart.o(i.USART_GetFlagStatus)
    USART_GetITStatus                        0x0800236b   Thumb Code    84  stm32f10x_usart.o(i.USART_GetITStatus)
    USART_INT_GetSubPriority                 0x080023c1   Thumb Code    28  usart.o(i.USART_INT_GetSubPriority)
    USART_INT_InsertToBuffer                 0x080023e9   Thumb Code    44  usart.o(i.USART_INT_InsertToBuffer)
    USART_ITConfig                           0x08002415   Thumb Code    74  stm32f10x_usart.o(i.USART_ITConfig)
    USART_Init                               0x08002461   Thumb Code   210  stm32f10x_usart.o(i.USART_Init)
    USART_Putc                               0x08002539   Thumb Code    26  usart.o(i.USART_Putc)
    USARTx_Init                              0x08002555   Thumb Code   218  usart.o(i.USARTx_Init)
    UsageFault_Handler                       0x0800263d   Thumb Code     4  stm32f10x_it.o(i.UsageFault_Handler)
    delay_init                               0x08002641   Thumb Code    76  delay.o(i.delay_init)
    delay_ms                                 0x0800269d   Thumb Code    66  delay.o(i.delay_ms)
    delay_osschedlock                        0x080026ed   Thumb Code     8  delay.o(i.delay_osschedlock)
    delay_osschedunlock                      0x080026f5   Thumb Code     8  delay.o(i.delay_osschedunlock)
    delay_ostimedly                          0x080026fd   Thumb Code    12  delay.o(i.delay_ostimedly)
    delay_us                                 0x08002709   Thumb Code    86  delay.o(i.delay_us)
    fputc                                    0x08002765   Thumb Code    18  usart.o(i.fputc)
    main                                     0x0800277d   Thumb Code    58  main.o(i.main)
    start_task                               0x080027c5   Thumb Code    62  main.o(i.start_task)
    OSUnMapTbl                               0x08002818   Data         256  os_core.o(.constdata)
    Region$$Table$$Base                      0x08002918   Number         0  anon$$obj.o(Region$$Table)
    Region$$Table$$Limit                     0x08002938   Number         0  anon$$obj.o(Region$$Table)
    SumLight                                 0x20000000   Data           2  main.o(.data)
    SumLight2                                0x20000002   Data           2  main.o(.data)
    i                                        0x20000004   Data           2  main.o(.data)
    msg_key                                  0x20000008   Data           4  main.o(.data)
    SystemCoreClock                          0x2000000c   Data           4  system_stm32f10x.o(.data)
    AHBPrescTable                            0x20000010   Data          16  system_stm32f10x.o(.data)
    __stdout                                 0x20000024   Data           4  usart.o(.data)
    F4_USART1                                0x20000028   Data          12  usart.o(.data)
    F4_USART2                                0x20000034   Data          12  usart.o(.data)
    F4_USART3                                0x20000040   Data          12  usart.o(.data)
    GPIO_InitStruct                          0x2000004c   Data           4  usart.o(.data)
    OSCtxSwCtr                               0x20000064   Data           4  os_core.o(.data)
    OSEventFreeList                          0x20000068   Data           4  os_core.o(.data)
    OSFlagFreeList                           0x2000006c   Data           4  os_core.o(.data)
    OSCPUUsage                               0x20000070   Data           1  os_core.o(.data)
    OSIdleCtrMax                             0x20000074   Data           4  os_core.o(.data)
    OSIdleCtrRun                             0x20000078   Data           4  os_core.o(.data)
    OSStatRdy                                0x2000007c   Data           1  os_core.o(.data)
    OSIntNesting                             0x2000007d   Data           1  os_core.o(.data)
    OSLockNesting                            0x2000007e   Data           1  os_core.o(.data)
    OSPrioCur                                0x2000007f   Data           1  os_core.o(.data)
    OSPrioHighRdy                            0x20000080   Data           1  os_core.o(.data)
    OSRdyGrp                                 0x20000081   Data           1  os_core.o(.data)
    OSRdyTbl                                 0x20000082   Data           8  os_core.o(.data)
    OSRunning                                0x2000008a   Data           1  os_core.o(.data)
    OSTaskCtr                                0x2000008b   Data           1  os_core.o(.data)
    OSIdleCtr                                0x2000008c   Data           4  os_core.o(.data)
    OSTCBCur                                 0x20000090   Data           4  os_core.o(.data)
    OSTCBFreeList                            0x20000094   Data           4  os_core.o(.data)
    OSTCBHighRdy                             0x20000098   Data           4  os_core.o(.data)
    OSTCBList                                0x2000009c   Data           4  os_core.o(.data)
    OSTickStepState                          0x200000a0   Data           1  os_core.o(.data)
    OSQFreeList                              0x200000a4   Data           4  os_core.o(.data)
    OSTime                                   0x200000a8   Data           4  os_core.o(.data)
    START_TASK_STK                           0x200000b0   Data         256  main.o(.bss)
    DHT_TASK_STK                             0x200001b0   Data         512  main.o(.bss)
    USART1_Buffer                            0x200007b0   Data          32  usart.o(.bss)
    USART2_Buffer                            0x200007d0   Data          32  usart.o(.bss)
    USART3_Buffer                            0x200007f0   Data          32  usart.o(.bss)
    OSEventTbl                               0x20000810   Data         200  os_core.o(.bss)
    OSFlagTbl                                0x200008d8   Data          80  os_core.o(.bss)
    OSTaskStatStk                            0x20000928   Data         512  os_core.o(.bss)
    OSTaskIdleStk                            0x20000b28   Data         512  os_core.o(.bss)
    OSTCBPrioTbl                             0x20000d28   Data         256  os_core.o(.bss)
    OSTCBTbl                                 0x20000e28   Data        1008  os_core.o(.bss)
    OSQTbl                                   0x20001218   Data         120  os_core.o(.bss)
    __libspace_start                         0x20001290   Data          96  libspace.o(.bss)
    __temporary_stack_top$libspace           0x200012f0   Data           0  libspace.o(.bss)



==============================================================================

Memory Map of the image

  Image Entry point : 0x080001dd

  Load Region LR_1 (Base: 0x08000000, Size: 0x000029e4, Max: 0xffffffff, ABSOLUTE)

    Execution Region ER_RO (Exec base: 0x08000000, Load base: 0x08000000, Size: 0x00002938, Max: 0xffffffff, ABSOLUTE)

    Exec Addr    Load Addr    Size         Type   Attr      Idx    E Section Name        Object

    0x08000000   0x08000000   0x00000130   Data   RO          731    RESET               startup_stm32f10x_hd.o
    0x08000130   0x08000130   0x00000008   Code   RO         2476  * !!!main             c_w.l(__main.o)
    0x08000138   0x08000138   0x00000034   Code   RO         2650    !!!scatter          c_w.l(__scatter.o)
    0x0800016c   0x0800016c   0x0000001a   Code   RO         2652    !!handler_copy      c_w.l(__scatter_copy.o)
    0x08000186   0x08000186   0x00000002   PAD
    0x08000188   0x08000188   0x0000001c   Code   RO         2654    !!handler_zi        c_w.l(__scatter_zi.o)
    0x080001a4   0x080001a4   0x00000000   Code   RO         2473    .ARM.Collect$$_printf_percent$$00000000  c_w.l(_printf_percent.o)
    0x080001a4   0x080001a4   0x00000006   Code   RO         2472    .ARM.Collect$$_printf_percent$$00000009  c_w.l(_printf_d.o)
    0x080001aa   0x080001aa   0x00000006   Code   RO         2471    .ARM.Collect$$_printf_percent$$00000014  c_w.l(_printf_s.o)
    0x080001b0   0x080001b0   0x00000004   Code   RO         2489    .ARM.Collect$$_printf_percent$$00000017  c_w.l(_printf_percent_end.o)
    0x080001b4   0x080001b4   0x00000002   Code   RO         2520    .ARM.Collect$$libinit$$00000000  c_w.l(libinit.o)
    0x080001b6   0x080001b6   0x00000000   Code   RO         2527    .ARM.Collect$$libinit$$00000002  c_w.l(libinit2.o)
    0x080001b6   0x080001b6   0x00000000   Code   RO         2529    .ARM.Collect$$libinit$$00000004  c_w.l(libinit2.o)
    0x080001b6   0x080001b6   0x00000000   Code   RO         2532    .ARM.Collect$$libinit$$0000000A  c_w.l(libinit2.o)
    0x080001b6   0x080001b6   0x00000000   Code   RO         2534    .ARM.Collect$$libinit$$0000000C  c_w.l(libinit2.o)
    0x080001b6   0x080001b6   0x00000000   Code   RO         2536    .ARM.Collect$$libinit$$0000000E  c_w.l(libinit2.o)
    0x080001b6   0x080001b6   0x00000000   Code   RO         2539    .ARM.Collect$$libinit$$00000011  c_w.l(libinit2.o)
    0x080001b6   0x080001b6   0x00000000   Code   RO         2541    .ARM.Collect$$libinit$$00000013  c_w.l(libinit2.o)
    0x080001b6   0x080001b6   0x00000000   Code   RO         2543    .ARM.Collect$$libinit$$00000015  c_w.l(libinit2.o)
    0x080001b6   0x080001b6   0x00000000   Code   RO         2545    .ARM.Collect$$libinit$$00000017  c_w.l(libinit2.o)
    0x080001b6   0x080001b6   0x00000000   Code   RO         2547    .ARM.Collect$$libinit$$00000019  c_w.l(libinit2.o)
    0x080001b6   0x080001b6   0x00000000   Code   RO         2549    .ARM.Collect$$libinit$$0000001B  c_w.l(libinit2.o)
    0x080001b6   0x080001b6   0x00000000   Code   RO         2551    .ARM.Collect$$libinit$$0000001D  c_w.l(libinit2.o)
    0x080001b6   0x080001b6   0x00000000   Code   RO         2553    .ARM.Collect$$libinit$$0000001F  c_w.l(libinit2.o)
    0x080001b6   0x080001b6   0x00000000   Code   RO         2555    .ARM.Collect$$libinit$$00000021  c_w.l(libinit2.o)
    0x080001b6   0x080001b6   0x00000000   Code   RO         2557    .ARM.Collect$$libinit$$00000023  c_w.l(libinit2.o)
    0x080001b6   0x080001b6   0x00000000   Code   RO         2559    .ARM.Collect$$libinit$$00000025  c_w.l(libinit2.o)
    0x080001b6   0x080001b6   0x00000000   Code   RO         2563    .ARM.Collect$$libinit$$0000002C  c_w.l(libinit2.o)
    0x080001b6   0x080001b6   0x00000000   Code   RO         2565    .ARM.Collect$$libinit$$0000002E  c_w.l(libinit2.o)
    0x080001b6   0x080001b6   0x00000000   Code   RO         2567    .ARM.Collect$$libinit$$00000030  c_w.l(libinit2.o)
    0x080001b6   0x080001b6   0x00000000   Code   RO         2569    .ARM.Collect$$libinit$$00000032  c_w.l(libinit2.o)
    0x080001b6   0x080001b6   0x00000002   Code   RO         2570    .ARM.Collect$$libinit$$00000033  c_w.l(libinit2.o)
    0x080001b8   0x080001b8   0x00000002   Code   RO         2590    .ARM.Collect$$libshutdown$$00000000  c_w.l(libshutdown.o)
    0x080001ba   0x080001ba   0x00000000   Code   RO         2603    .ARM.Collect$$libshutdown$$00000002  c_w.l(libshutdown2.o)
    0x080001ba   0x080001ba   0x00000000   Code   RO         2605    .ARM.Collect$$libshutdown$$00000004  c_w.l(libshutdown2.o)
    0x080001ba   0x080001ba   0x00000000   Code   RO         2608    .ARM.Collect$$libshutdown$$00000007  c_w.l(libshutdown2.o)
    0x080001ba   0x080001ba   0x00000000   Code   RO         2611    .ARM.Collect$$libshutdown$$0000000A  c_w.l(libshutdown2.o)
    0x080001ba   0x080001ba   0x00000000   Code   RO         2613    .ARM.Collect$$libshutdown$$0000000C  c_w.l(libshutdown2.o)
    0x080001ba   0x080001ba   0x00000000   Code   RO         2616    .ARM.Collect$$libshutdown$$0000000F  c_w.l(libshutdown2.o)
    0x080001ba   0x080001ba   0x00000002   Code   RO         2617    .ARM.Collect$$libshutdown$$00000010  c_w.l(libshutdown2.o)
    0x080001bc   0x080001bc   0x00000000   Code   RO         2478    .ARM.Collect$$rtentry$$00000000  c_w.l(__rtentry.o)
    0x080001bc   0x080001bc   0x00000000   Code   RO         2491    .ARM.Collect$$rtentry$$00000002  c_w.l(__rtentry2.o)
    0x080001bc   0x080001bc   0x00000006   Code   RO         2503    .ARM.Collect$$rtentry$$00000004  c_w.l(__rtentry4.o)
    0x080001c2   0x080001c2   0x00000000   Code   RO         2493    .ARM.Collect$$rtentry$$00000009  c_w.l(__rtentry2.o)
    0x080001c2   0x080001c2   0x00000004   Code   RO         2494    .ARM.Collect$$rtentry$$0000000A  c_w.l(__rtentry2.o)
    0x080001c6   0x080001c6   0x00000000   Code   RO         2496    .ARM.Collect$$rtentry$$0000000C  c_w.l(__rtentry2.o)
    0x080001c6   0x080001c6   0x00000008   Code   RO         2497    .ARM.Collect$$rtentry$$0000000D  c_w.l(__rtentry2.o)
    0x080001ce   0x080001ce   0x00000002   Code   RO         2524    .ARM.Collect$$rtexit$$00000000  c_w.l(rtexit.o)
    0x080001d0   0x080001d0   0x00000000   Code   RO         2572    .ARM.Collect$$rtexit$$00000002  c_w.l(rtexit2.o)
    0x080001d0   0x080001d0   0x00000004   Code   RO         2573    .ARM.Collect$$rtexit$$00000003  c_w.l(rtexit2.o)
    0x080001d4   0x080001d4   0x00000006   Code   RO         2574    .ARM.Collect$$rtexit$$00000004  c_w.l(rtexit2.o)
    0x080001da   0x080001da   0x00000002   PAD
    0x080001dc   0x080001dc   0x00000040   Code   RO          732  * .text               startup_stm32f10x_hd.o
    0x0800021c   0x0800021c   0x000000b4   Code   RO         2350    .text               os_cpu_a.o
    0x080002d0   0x080002d0   0x00000018   Code   RO         2441    .text               c_w.l(noretval__2printf.o)
    0x080002e8   0x080002e8   0x00000028   Code   RO         2443    .text               c_w.l(noretval__2sprintf.o)
    0x08000310   0x08000310   0x00000052   Code   RO         2447    .text               c_w.l(_printf_str.o)
    0x08000362   0x08000362   0x00000002   PAD
    0x08000364   0x08000364   0x00000078   Code   RO         2449    .text               c_w.l(_printf_dec.o)
    0x080003dc   0x080003dc   0x000000b8   Code   RO         2454    .text               c_w.l(__printf_ss.o)
    0x08000494   0x08000494   0x00000006   Code   RO         2474    .text               c_w.l(heapauxi.o)
    0x0800049a   0x0800049a   0x000000b2   Code   RO         2479    .text               c_w.l(_printf_intcommon.o)
    0x0800054c   0x0800054c   0x00000030   Code   RO         2481    .text               c_w.l(_printf_char_common.o)
    0x0800057c   0x0800057c   0x0000000a   Code   RO         2483    .text               c_w.l(_sputc.o)
    0x08000586   0x08000586   0x0000002c   Code   RO         2485    .text               c_w.l(_printf_char.o)
    0x080005b2   0x080005b2   0x00000002   PAD
    0x080005b4   0x080005b4   0x00000024   Code   RO         2487    .text               c_w.l(_printf_char_file.o)
    0x080005d8   0x080005d8   0x00000008   Code   RO         2507    .text               c_w.l(ferror.o)
    0x080005e0   0x080005e0   0x0000004a   Code   RO         2511    .text               c_w.l(sys_stackheap_outer.o)
    0x0800062a   0x0800062a   0x00000012   Code   RO         2513    .text               c_w.l(exit.o)
    0x0800063c   0x0800063c   0x00000008   Code   RO         2521    .text               c_w.l(libspace.o)
    0x08000644   0x08000644   0x0000000c   Code   RO         2582    .text               c_w.l(sys_exit.o)
    0x08000650   0x08000650   0x00000002   Code   RO         2593    .text               c_w.l(use_no_semi.o)
    0x08000652   0x08000652   0x00000000   Code   RO         2595    .text               c_w.l(indicate_semi.o)
    0x08000652   0x08000652   0x00000016   Code   RO         1500    i.ADC_Cmd           stm32f10x_adc.o
    0x08000668   0x08000668   0x00000008   Code   RO         1509    i.ADC_GetConversionValue  stm32f10x_adc.o
    0x08000670   0x08000670   0x00000012   Code   RO         1511    i.ADC_GetFlagStatus  stm32f10x_adc.o
    0x08000682   0x08000682   0x00000002   PAD
    0x08000684   0x08000684   0x00000050   Code   RO         1518    i.ADC_Init          stm32f10x_adc.o
    0x080006d4   0x080006d4   0x000000b8   Code   RO         1522    i.ADC_RegularChannelConfig  stm32f10x_adc.o
    0x0800078c   0x0800078c   0x00000016   Code   RO         1525    i.ADC_SoftwareStartConvCmd  stm32f10x_adc.o
    0x080007a2   0x080007a2   0x00000004   Code   RO          175    i.BusFault_Handler  stm32f10x_it.o
    0x080007a6   0x080007a6   0x00000002   PAD
    0x080007a8   0x080007a8   0x00000064   Code   RO          343    i.DHT11_Check       dht11.o
    0x0800080c   0x0800080c   0x00000064   Code   RO          385    i.DHT11_Check_2     dht11_2.o
    0x08000870   0x08000870   0x0000004c   Code   RO          345    i.DHT11_Read_Bit    dht11.o
    0x080008bc   0x080008bc   0x0000004c   Code   RO          387    i.DHT11_Read_Bit_2  dht11_2.o
    0x08000908   0x08000908   0x0000001e   Code   RO          346    i.DHT11_Read_Byte   dht11.o
    0x08000926   0x08000926   0x0000001e   Code   RO          388    i.DHT11_Read_Byte_2  dht11_2.o
    0x08000944   0x08000944   0x00000058   Code   RO          347    i.DHT11_Read_Data   dht11.o
    0x0800099c   0x0800099c   0x00000058   Code   RO          389    i.DHT11_Read_Data_2  dht11_2.o
    0x080009f4   0x080009f4   0x00000040   Code   RO          348    i.DHT11_Rst         dht11.o
    0x08000a34   0x08000a34   0x00000040   Code   RO          390    i.DHT11_Rst_2       dht11_2.o
    0x08000a74   0x08000a74   0x00000068   Code   RO            1    i.DHT_task          main.o
    0x08000adc   0x08000adc   0x00000002   Code   RO          176    i.DebugMon_Handler  stm32f10x_it.o
    0x08000ade   0x08000ade   0x00000116   Code   RO          778    i.GPIO_Init         stm32f10x_gpio.o
    0x08000bf4   0x08000bf4   0x00000004   Code   RO          177    i.HardFault_Handler  stm32f10x_it.o
    0x08000bf8   0x08000bf8   0x0000007c   Code   RO          462    i.LM393Iint         lm393.o
    0x08000c74   0x08000c74   0x0000007c   Code   RO          474    i.LM393_2Iint       lm393_2.o
    0x08000cf0   0x08000cf0   0x00000074   Code   RO            2    i.LM393_task        main.o
    0x08000d64   0x08000d64   0x00000004   Code   RO          178    i.MemManage_Handler  stm32f10x_it.o
    0x08000d68   0x08000d68   0x00000002   Code   RO          179    i.NMI_Handler       stm32f10x_it.o
    0x08000d6a   0x08000d6a   0x00000002   PAD
    0x08000d6c   0x08000d6c   0x00000070   Code   RO          736    i.NVIC_Init         misc.o
    0x08000ddc   0x08000ddc   0x00000014   Code   RO          737    i.NVIC_PriorityGroupConfig  misc.o
    0x08000df0   0x08000df0   0x0000002c   Code   RO         1716    i.OSInit            os_core.o
    0x08000e1c   0x08000e1c   0x00000002   Code   RO         2353    i.OSInitHookBegin   os_cpu_c.o
    0x08000e1e   0x08000e1e   0x00000002   Code   RO         2354    i.OSInitHookEnd     os_cpu_c.o
    0x08000e20   0x08000e20   0x00000024   Code   RO         1717    i.OSIntEnter        os_core.o
    0x08000e44   0x08000e44   0x00000090   Code   RO         1718    i.OSIntExit         os_core.o
    0x08000ed4   0x08000ed4   0x0000004c   Code   RO         1980    i.OSMboxCreate      os_mbox.o
    0x08000f20   0x08000f20   0x00000104   Code   RO         1982    i.OSMboxPend        os_mbox.o
    0x08001024   0x08001024   0x00000050   Code   RO         1984    i.OSMboxPost        os_mbox.o
    0x08001074   0x08001074   0x00000040   Code   RO         1719    i.OSSchedLock       os_core.o
    0x080010b4   0x080010b4   0x00000060   Code   RO         1720    i.OSSchedUnlock     os_core.o
    0x08001114   0x08001114   0x00000048   Code   RO         1721    i.OSStart           os_core.o
    0x0800115c   0x0800115c   0x00000002   Code   RO         2355    i.OSTCBInitHook     os_cpu_c.o
    0x0800115e   0x0800115e   0x00000002   PAD
    0x08001160   0x08001160   0x000000a0   Code   RO         2213    i.OSTaskCreate      os_task.o
    0x08001200   0x08001200   0x000000b8   Code   RO         2214    i.OSTaskCreateExt   os_task.o
    0x080012b8   0x080012b8   0x00000002   Code   RO         2356    i.OSTaskCreateHook  os_cpu_c.o
    0x080012ba   0x080012ba   0x00000002   Code   RO         2358    i.OSTaskIdleHook    os_cpu_c.o
    0x080012bc   0x080012bc   0x00000070   Code   RO         2218    i.OSTaskNameSet     os_task.o
    0x0800132c   0x0800132c   0x00000002   Code   RO         2360    i.OSTaskStatHook    os_cpu_c.o
    0x0800132e   0x0800132e   0x00000002   PAD
    0x08001330   0x08001330   0x0000008c   Code   RO         2223    i.OSTaskStkChk      os_task.o
    0x080013bc   0x080013bc   0x0000009a   Code   RO         2361    i.OSTaskStkInit     os_cpu_c.o
    0x08001456   0x08001456   0x00000002   PAD
    0x08001458   0x08001458   0x000000a8   Code   RO         2224    i.OSTaskSuspend     os_task.o
    0x08001500   0x08001500   0x00000002   Code   RO         2362    i.OSTaskSwHook      os_cpu_c.o
    0x08001502   0x08001502   0x00000002   PAD
    0x08001504   0x08001504   0x00000078   Code   RO         2308    i.OSTimeDly         os_time.o
    0x0800157c   0x0800157c   0x000000ec   Code   RO         1723    i.OSTimeTick        os_core.o
    0x08001668   0x08001668   0x00000002   Code   RO         2363    i.OSTimeTickHook    os_cpu_c.o
    0x0800166a   0x0800166a   0x00000002   PAD
    0x0800166c   0x0800166c   0x00000084   Code   RO         1726    i.OS_EventTaskRdy   os_core.o
    0x080016f0   0x080016f0   0x0000002a   Code   RO         1727    i.OS_EventTaskRemove  os_core.o
    0x0800171a   0x0800171a   0x00000002   PAD
    0x0800171c   0x0800171c   0x0000007c   Code   RO         1728    i.OS_EventTaskWait  os_core.o
    0x08001798   0x08001798   0x0000001c   Code   RO         1729    i.OS_EventWaitListInit  os_core.o
    0x080017b4   0x080017b4   0x00000058   Code   RO         1907    i.OS_FlagInit       os_flag.o
    0x0800180c   0x0800180c   0x00000054   Code   RO         1730    i.OS_InitEventList  os_core.o
    0x08001860   0x08001860   0x00000054   Code   RO         1731    i.OS_InitMisc       os_core.o
    0x080018b4   0x080018b4   0x00000044   Code   RO         1732    i.OS_InitRdyList    os_core.o
    0x080018f8   0x080018f8   0x00000080   Code   RO         1733    i.OS_InitTCBList    os_core.o
    0x08001978   0x08001978   0x00000050   Code   RO         1734    i.OS_InitTaskIdle   os_core.o
    0x080019c8   0x080019c8   0x00000050   Code   RO         1735    i.OS_InitTaskStat   os_core.o
    0x08001a18   0x08001a18   0x00000012   Code   RO         1736    i.OS_MemClr         os_core.o
    0x08001a2a   0x08001a2a   0x00000002   PAD
    0x08001a2c   0x08001a2c   0x00000050   Code   RO         2096    i.OS_QInit          os_q.o
    0x08001a7c   0x08001a7c   0x00000074   Code   RO         1738    i.OS_Sched          os_core.o
    0x08001af0   0x08001af0   0x0000002c   Code   RO         1739    i.OS_SchedNew       os_core.o
    0x08001b1c   0x08001b1c   0x00000134   Code   RO         1741    i.OS_TCBInit        os_core.o
    0x08001c50   0x08001c50   0x00000028   Code   RO         1742    i.OS_TaskIdle       os_core.o
    0x08001c78   0x08001c78   0x00000088   Code   RO         1743    i.OS_TaskStat       os_core.o
    0x08001d00   0x08001d00   0x0000003c   Code   RO         1744    i.OS_TaskStatStkChk  os_core.o
    0x08001d3c   0x08001d3c   0x0000001a   Code   RO         2226    i.OS_TaskStkClr     os_task.o
    0x08001d56   0x08001d56   0x00000002   PAD
    0x08001d58   0x08001d58   0x00000020   Code   RO          912    i.RCC_APB1PeriphClockCmd  stm32f10x_rcc.o
    0x08001d78   0x08001d78   0x00000020   Code   RO          913    i.RCC_APB1PeriphResetCmd  stm32f10x_rcc.o
    0x08001d98   0x08001d98   0x00000020   Code   RO          914    i.RCC_APB2PeriphClockCmd  stm32f10x_rcc.o
    0x08001db8   0x08001db8   0x00000020   Code   RO          915    i.RCC_APB2PeriphResetCmd  stm32f10x_rcc.o
    0x08001dd8   0x08001dd8   0x000000d4   Code   RO          922    i.RCC_GetClocksFreq  stm32f10x_rcc.o
    0x08001eac   0x08001eac   0x00000002   Code   RO          180    i.SVC_Handler       stm32f10x_it.o
    0x08001eae   0x08001eae   0x00000008   Code   RO          309    i.SetSysClock       system_stm32f10x.o
    0x08001eb6   0x08001eb6   0x00000002   PAD
    0x08001eb8   0x08001eb8   0x000000e0   Code   RO          310    i.SetSysClockTo72   system_stm32f10x.o
    0x08001f98   0x08001f98   0x00000028   Code   RO          740    i.SysTick_CLKSourceConfig  misc.o
    0x08001fc0   0x08001fc0   0x0000001c   Code   RO          486    i.SysTick_Handler   delay.o
    0x08001fdc   0x08001fdc   0x00000060   Code   RO          312    i.SystemInit        system_stm32f10x.o
    0x0800203c   0x0800203c   0x00000028   Code   RO          591    i.USART1_IRQHandler  usart.o
    0x08002064   0x08002064   0x00000088   Code   RO          592    i.USART1_InitPins   usart.o
    0x080020ec   0x080020ec   0x00000028   Code   RO          593    i.USART2_IRQHandler  usart.o
    0x08002114   0x08002114   0x0000008c   Code   RO          594    i.USART2_InitPins   usart.o
    0x080021a0   0x080021a0   0x00000028   Code   RO          595    i.USART3_IRQHandler  usart.o
    0x080021c8   0x080021c8   0x000000d4   Code   RO          596    i.USART3_InitPins   usart.o
    0x0800229c   0x0800229c   0x00000018   Code   RO         1114    i.USART_Cmd         stm32f10x_usart.o
    0x080022b4   0x080022b4   0x0000009c   Code   RO         1116    i.USART_DeInit      stm32f10x_usart.o
    0x08002350   0x08002350   0x0000001a   Code   RO         1117    i.USART_GetFlagStatus  stm32f10x_usart.o
    0x0800236a   0x0800236a   0x00000054   Code   RO         1118    i.USART_GetITStatus  stm32f10x_usart.o
    0x080023be   0x080023be   0x00000002   PAD
    0x080023c0   0x080023c0   0x00000028   Code   RO          603    i.USART_INT_GetSubPriority  usart.o
    0x080023e8   0x080023e8   0x0000002c   Code   RO          605    i.USART_INT_InsertToBuffer  usart.o
    0x08002414   0x08002414   0x0000004a   Code   RO         1120    i.USART_ITConfig    stm32f10x_usart.o
    0x0800245e   0x0800245e   0x00000002   PAD
    0x08002460   0x08002460   0x000000d8   Code   RO         1121    i.USART_Init        stm32f10x_usart.o
    0x08002538   0x08002538   0x0000001a   Code   RO          606    i.USART_Putc        usart.o
    0x08002552   0x08002552   0x00000002   PAD
    0x08002554   0x08002554   0x000000e8   Code   RO          608    i.USARTx_Init       usart.o
    0x0800263c   0x0800263c   0x00000004   Code   RO          181    i.UsageFault_Handler  stm32f10x_it.o
    0x08002640   0x08002640   0x0000005c   Code   RO          487    i.delay_init        delay.o
    0x0800269c   0x0800269c   0x00000050   Code   RO          488    i.delay_ms          delay.o
    0x080026ec   0x080026ec   0x00000008   Code   RO          489    i.delay_osschedlock  delay.o
    0x080026f4   0x080026f4   0x00000008   Code   RO          490    i.delay_osschedunlock  delay.o
    0x080026fc   0x080026fc   0x0000000c   Code   RO          491    i.delay_ostimedly   delay.o
    0x08002708   0x08002708   0x0000005c   Code   RO          492    i.delay_us          delay.o
    0x08002764   0x08002764   0x00000018   Code   RO          609    i.fputc             usart.o
    0x0800277c   0x0800277c   0x00000048   Code   RO            3    i.main              main.o
    0x080027c4   0x080027c4   0x00000054   Code   RO            4    i.start_task        main.o
    0x08002818   0x08002818   0x00000100   Data   RO         1746    .constdata          os_core.o
    0x08002918   0x08002918   0x00000020   Data   RO         2648    Region$$Table       anon$$obj.o


    Execution Region ER_RW (Exec base: 0x20000000, Load base: 0x08002938, Size: 0x000000ac, Max: 0xffffffff, ABSOLUTE)

    Exec Addr    Load Addr    Size         Type   Attr      Idx    E Section Name        Object

    0x20000000   0x08002938   0x0000000c   Data   RW            6    .data               main.o
    0x2000000c   0x08002944   0x00000014   Data   RW          313    .data               system_stm32f10x.o
    0x20000020   0x08002958   0x00000004   Data   RW          495    .data               delay.o
    0x20000024   0x0800295c   0x0000002c   Data   RW          611    .data               usart.o
    0x20000050   0x08002988   0x00000014   Data   RW          942    .data               stm32f10x_rcc.o
    0x20000064   0x0800299c   0x00000048   Data   RW         1747    .data               os_core.o


    Execution Region ER_ZI (Exec base: 0x200000ac, Load base: 0x080029e4, Size: 0x00001e44, Max: 0xffffffff, ABSOLUTE)

    Exec Addr    Load Addr    Size         Type   Attr      Idx    E Section Name        Object

    0x200000ac   0x080029e4   0x00000004   PAD
    0x200000b0        -       0x00000700   Zero   RW            5    .bss                main.o
    0x200007b0        -       0x00000060   Zero   RW          610    .bss                usart.o
    0x20000810        -       0x00000a80   Zero   RW         1745    .bss                os_core.o
    0x20001290        -       0x00000060   Zero   RW         2522    .bss                c_w.l(libspace.o)
    0x200012f0        -       0x00000800   Zero   RW          730    HEAP                startup_stm32f10x_hd.o
    0x20001af0        -       0x00000400   Zero   RW          729    STACK               startup_stm32f10x_hd.o


==============================================================================

Image component sizes


      Code (inc. data)   RO Data    RW Data    ZI Data      Debug   Object Name

       320         40          0          4          0      11730   delay.o
       358         26          0          0          0       3163   dht11.o
       358         26          0          0          0     215481   dht11_2.o
       124          8          0          0          0        532   lm393.o
       124          8          0          0          0        542   lm393_2.o
       376         86          0         12       1792     245216   main.o
       172         22          0          0          0       1929   misc.o
      2264        412        256         72       2688      20772   os_core.o
       180         36          0          0          0        304   os_cpu_a.o
       170          0          0          0          0      12395   os_cpu_c.o
        88         14          0          0          0        558   os_flag.o
       416         22          0          0          0       2497   os_mbox.o
        80          8          0          0          0        527   os_q.o
       790         64          0          0          0       5188   os_task.o
       120         20          0          0          0        596   os_time.o
        64         26        304          0       3072        772   startup_stm32f10x_hd.o
       334         10          0          0          0       5596   stm32f10x_adc.o
       278          0          0          0          0       1900   stm32f10x_gpio.o
        22          0          0          0          0      25731   stm32f10x_it.o
       340         44          0         20          0       5344   stm32f10x_rcc.o
       580         28          0          0          0       5467   stm32f10x_usart.o
         0          0          0          0          0         32   sys.o
       328         28          0         20          0       1925   system_stm32f10x.o
       974        106          0         44         96       8293   usart.o

    ----------------------------------------------------------------------
      8890       1034        592        172       7652     576490   Object Totals
         0          0         32          0          0          0   (incl. Generated)
        30          0          0          0          4          0   (incl. Padding)

    ----------------------------------------------------------------------

      Code (inc. data)   RO Data    RW Data    ZI Data      Debug   Library Member Name

         8          0          0          0          0         68   __main.o
       184          0          0          0          0         84   __printf_ss.o
         0          0          0          0          0          0   __rtentry.o
        12          0          0          0          0          0   __rtentry2.o
         6          0          0          0          0          0   __rtentry4.o
        52          8          0          0          0          0   __scatter.o
        26          0          0          0          0          0   __scatter_copy.o
        28          0          0          0          0          0   __scatter_zi.o
        44          0          0          0          0        108   _printf_char.o
        48          6          0          0          0         96   _printf_char_common.o
        36          4          0          0          0         80   _printf_char_file.o
         6          0          0          0          0          0   _printf_d.o
       120         16          0          0          0         92   _printf_dec.o
       178          0          0          0          0         88   _printf_intcommon.o
         0          0          0          0          0          0   _printf_percent.o
         4          0          0          0          0          0   _printf_percent_end.o
         6          0          0          0          0          0   _printf_s.o
        82          0          0          0          0         80   _printf_str.o
        10          0          0          0          0         68   _sputc.o
        18          0          0          0          0         80   exit.o
         8          0          0          0          0         68   ferror.o
         6          0          0          0          0        152   heapauxi.o
         0          0          0          0          0          0   indicate_semi.o
         2          0          0          0          0          0   libinit.o
         2          0          0          0          0          0   libinit2.o
         2          0          0          0          0          0   libshutdown.o
         2          0          0          0          0          0   libshutdown2.o
         8          4          0          0         96         68   libspace.o
        24          4          0          0          0         84   noretval__2printf.o
        40          6          0          0          0         84   noretval__2sprintf.o
         2          0          0          0          0          0   rtexit.o
        10          0          0          0          0          0   rtexit2.o
        12          4          0          0          0         68   sys_exit.o
        74          0          0          0          0         80   sys_stackheap_outer.o
         2          0          0          0          0         68   use_no_semi.o

    ----------------------------------------------------------------------
      1070         52          0          0         96       1516   Library Totals
         8          0          0          0          0          0   (incl. Padding)

    ----------------------------------------------------------------------

      Code (inc. data)   RO Data    RW Data    ZI Data      Debug   Library Name

      1062         52          0          0         96       1516   c_w.l

    ----------------------------------------------------------------------
      1070         52          0          0         96       1516   Library Totals

    ----------------------------------------------------------------------

==============================================================================


      Code (inc. data)   RO Data    RW Data    ZI Data      Debug   

      9960       1086        592        172       7748     571814   Grand Totals
      9960       1086        592        172       7748     571814   ELF Image Totals
      9960       1086        592        172          0          0   ROM Totals

==============================================================================

    Total RO  Size (Code + RO Data)                10552 (  10.30kB)
    Total RW  Size (RW Data + ZI Data)              7920 (   7.73kB)
    Total ROM Size (Code + RO Data + RW Data)      10724 (  10.47kB)

==============================================================================

